Archive member included to satisfy reference by file (symbol)

/home/arne/tools/systemworkbench/plugins/fr.ac6.mcu.externaltools.arm-none.linux64_1.15.0.201708311556/tools/compiler/bin/../lib/gcc/arm-none-eabi/6.3.1/../../../../arm-none-eabi/lib/thumb/v7-m/libc_nano.a(lib_a-exit.o)
                              /home/arne/tools/systemworkbench/plugins/fr.ac6.mcu.externaltools.arm-none.linux64_1.15.0.201708311556/tools/compiler/bin/../lib/gcc/arm-none-eabi/6.3.1/../../../../arm-none-eabi/lib/thumb/v7-m/crt0.o (exit)
/home/arne/tools/systemworkbench/plugins/fr.ac6.mcu.externaltools.arm-none.linux64_1.15.0.201708311556/tools/compiler/bin/../lib/gcc/arm-none-eabi/6.3.1/../../../../arm-none-eabi/lib/thumb/v7-m/libc_nano.a(lib_a-impure.o)
                              /home/arne/tools/systemworkbench/plugins/fr.ac6.mcu.externaltools.arm-none.linux64_1.15.0.201708311556/tools/compiler/bin/../lib/gcc/arm-none-eabi/6.3.1/../../../../arm-none-eabi/lib/thumb/v7-m/libc_nano.a(lib_a-exit.o) (_global_impure_ptr)
/home/arne/tools/systemworkbench/plugins/fr.ac6.mcu.externaltools.arm-none.linux64_1.15.0.201708311556/tools/compiler/bin/../lib/gcc/arm-none-eabi/6.3.1/../../../../arm-none-eabi/lib/thumb/v7-m/libc_nano.a(lib_a-init.o)
                              /home/arne/tools/systemworkbench/plugins/fr.ac6.mcu.externaltools.arm-none.linux64_1.15.0.201708311556/tools/compiler/bin/../lib/gcc/arm-none-eabi/6.3.1/../../../../arm-none-eabi/lib/thumb/v7-m/crt0.o (__libc_init_array)
/home/arne/tools/systemworkbench/plugins/fr.ac6.mcu.externaltools.arm-none.linux64_1.15.0.201708311556/tools/compiler/bin/../lib/gcc/arm-none-eabi/6.3.1/../../../../arm-none-eabi/lib/thumb/v7-m/libc_nano.a(lib_a-memset.o)
                              /home/arne/tools/systemworkbench/plugins/fr.ac6.mcu.externaltools.arm-none.linux64_1.15.0.201708311556/tools/compiler/bin/../lib/gcc/arm-none-eabi/6.3.1/../../../../arm-none-eabi/lib/thumb/v7-m/crt0.o (memset)
/home/arne/tools/systemworkbench/plugins/fr.ac6.mcu.externaltools.arm-none.linux64_1.15.0.201708311556/tools/compiler/bin/../lib/gcc/arm-none-eabi/6.3.1/../../../../arm-none-eabi/lib/thumb/v7-m/libnosys.a(_exit.o)
                              /home/arne/tools/systemworkbench/plugins/fr.ac6.mcu.externaltools.arm-none.linux64_1.15.0.201708311556/tools/compiler/bin/../lib/gcc/arm-none-eabi/6.3.1/../../../../arm-none-eabi/lib/thumb/v7-m/libc_nano.a(lib_a-exit.o) (_exit)

Allocating common symbols
Common symbol       size              file

hUsbDeviceFS        0x224             Application/User/usb_device.o
hdma_i2c1_tx        0x44              Application/User/main.o
hi2c1               0x54              Application/User/main.o
uwTick              0x4               Drivers/STM32F1xx_HAL_Driver/stm32f1xx_hal.o
pFlash              0x20              Drivers/STM32F1xx_HAL_Driver/stm32f1xx_hal_flash.o
hadc1               0x30              Application/User/main.o
huart1              0x40              Application/User/main.o
hdma_adc1           0x44              Application/User/main.o
hpcd_USB_FS         0x460             Application/User/usbd_conf.o
USBD_StrDesc        0x200             Application/User/usbd_desc.o

Discarded input sections

 .text          0x0000000000000000        0x0 /home/arne/tools/systemworkbench/plugins/fr.ac6.mcu.externaltools.arm-none.linux64_1.15.0.201708311556/tools/compiler/bin/../lib/gcc/arm-none-eabi/6.3.1/thumb/v7-m/crti.o
 .data          0x0000000000000000        0x0 /home/arne/tools/systemworkbench/plugins/fr.ac6.mcu.externaltools.arm-none.linux64_1.15.0.201708311556/tools/compiler/bin/../lib/gcc/arm-none-eabi/6.3.1/thumb/v7-m/crti.o
 .bss           0x0000000000000000        0x0 /home/arne/tools/systemworkbench/plugins/fr.ac6.mcu.externaltools.arm-none.linux64_1.15.0.201708311556/tools/compiler/bin/../lib/gcc/arm-none-eabi/6.3.1/thumb/v7-m/crti.o
 .data          0x0000000000000000        0x4 /home/arne/tools/systemworkbench/plugins/fr.ac6.mcu.externaltools.arm-none.linux64_1.15.0.201708311556/tools/compiler/bin/../lib/gcc/arm-none-eabi/6.3.1/thumb/v7-m/crtbegin.o
 .text          0x0000000000000000       0x74 /home/arne/tools/systemworkbench/plugins/fr.ac6.mcu.externaltools.arm-none.linux64_1.15.0.201708311556/tools/compiler/bin/../lib/gcc/arm-none-eabi/6.3.1/../../../../arm-none-eabi/lib/thumb/v7-m/crt0.o
 .data          0x0000000000000000        0x0 /home/arne/tools/systemworkbench/plugins/fr.ac6.mcu.externaltools.arm-none.linux64_1.15.0.201708311556/tools/compiler/bin/../lib/gcc/arm-none-eabi/6.3.1/../../../../arm-none-eabi/lib/thumb/v7-m/crt0.o
 .bss           0x0000000000000000        0x0 /home/arne/tools/systemworkbench/plugins/fr.ac6.mcu.externaltools.arm-none.linux64_1.15.0.201708311556/tools/compiler/bin/../lib/gcc/arm-none-eabi/6.3.1/../../../../arm-none-eabi/lib/thumb/v7-m/crt0.o
[...]
Memory Configuration

Name             Origin             Length             Attributes
RAM              0x0000000020000000 0x0000000000005000 xrw
FLASH            0x0000000008000000 0x0000000000010000 xr
*default*        0x0000000000000000 0xffffffffffffffff

Linker script and memory map

LOAD /home/arne/tools/systemworkbench/plugins/fr.ac6.mcu.externaltools.arm-none.linux64_1.15.0.201708311556/tools/compiler/bin/../lib/gcc/arm-none-eabi/6.3.1/thumb/v7-m/crti.o
LOAD /home/arne/tools/systemworkbench/plugins/fr.ac6.mcu.externaltools.arm-none.linux64_1.15.0.201708311556/tools/compiler/bin/../lib/gcc/arm-none-eabi/6.3.1/thumb/v7-m/crtbegin.o
LOAD /home/arne/tools/systemworkbench/plugins/fr.ac6.mcu.externaltools.arm-none.linux64_1.15.0.201708311556/tools/compiler/bin/../lib/gcc/arm-none-eabi/6.3.1/../../../../arm-none-eabi/lib/thumb/v7-m/crt0.o
LOAD Application/SW4STM32/startup_stm32f103xb.o
LOAD Application/User/main.o
LOAD Application/User/stm32f1xx_hal_msp.o
LOAD Application/User/stm32f1xx_it.o
LOAD Application/User/usb_device.o
LOAD Application/User/usbd_audio_if.o
LOAD Application/User/usbd_conf.o
LOAD Application/User/usbd_desc.o
LOAD Drivers/CMSIS/system_stm32f1xx.o
LOAD Drivers/STM32F1xx_HAL_Driver/stm32f1xx_hal.o
LOAD Drivers/STM32F1xx_HAL_Driver/stm32f1xx_hal_adc.o
LOAD Drivers/STM32F1xx_HAL_Driver/stm32f1xx_hal_adc_ex.o
LOAD Drivers/STM32F1xx_HAL_Driver/stm32f1xx_hal_cortex.o
LOAD Drivers/STM32F1xx_HAL_Driver/stm32f1xx_hal_dma.o
LOAD Drivers/STM32F1xx_HAL_Driver/stm32f1xx_hal_flash.o
LOAD Drivers/STM32F1xx_HAL_Driver/stm32f1xx_hal_flash_ex.o
LOAD Drivers/STM32F1xx_HAL_Driver/stm32f1xx_hal_gpio.o
LOAD Drivers/STM32F1xx_HAL_Driver/stm32f1xx_hal_gpio_ex.o
LOAD Drivers/STM32F1xx_HAL_Driver/stm32f1xx_hal_i2c.o
LOAD Drivers/STM32F1xx_HAL_Driver/stm32f1xx_hal_pcd.o
LOAD Drivers/STM32F1xx_HAL_Driver/stm32f1xx_hal_pcd_ex.o
LOAD Drivers/STM32F1xx_HAL_Driver/stm32f1xx_hal_pwr.o
LOAD Drivers/STM32F1xx_HAL_Driver/stm32f1xx_hal_rcc.o
LOAD Drivers/STM32F1xx_HAL_Driver/stm32f1xx_hal_rcc_ex.o
LOAD Drivers/STM32F1xx_HAL_Driver/stm32f1xx_hal_tim.o
LOAD Drivers/STM32F1xx_HAL_Driver/stm32f1xx_hal_tim_ex.o
LOAD Drivers/STM32F1xx_HAL_Driver/stm32f1xx_hal_uart.o
LOAD Drivers/STM32F1xx_HAL_Driver/stm32f1xx_ll_usb.o
LOAD Middlewares/USB_Device_Library/usbd_audio.o
LOAD Middlewares/USB_Device_Library/usbd_core.o
LOAD Middlewares/USB_Device_Library/usbd_ctlreq.o
LOAD Middlewares/USB_Device_Library/usbd_ioreq.o
LOAD /home/arne/tools/systemworkbench/plugins/fr.ac6.mcu.externaltools.arm-none.linux64_1.15.0.201708311556/tools/compiler/bin/../lib/gcc/arm-none-eabi/6.3.1/../../../../arm-none-eabi/lib/thumb/v7-m/libm.a
START GROUP
LOAD /home/arne/tools/systemworkbench/plugins/fr.ac6.mcu.externaltools.arm-none.linux64_1.15.0.201708311556/tools/compiler/bin/../lib/gcc/arm-none-eabi/6.3.1/thumb/v7-m/libgcc.a
LOAD /home/arne/tools/systemworkbench/plugins/fr.ac6.mcu.externaltools.arm-none.linux64_1.15.0.201708311556/tools/compiler/bin/../lib/gcc/arm-none-eabi/6.3.1/../../../../arm-none-eabi/lib/thumb/v7-m/libc_nano.a
END GROUP
START GROUP
LOAD /home/arne/tools/systemworkbench/plugins/fr.ac6.mcu.externaltools.arm-none.linux64_1.15.0.201708311556/tools/compiler/bin/../lib/gcc/arm-none-eabi/6.3.1/thumb/v7-m/libgcc.a
LOAD /home/arne/tools/systemworkbench/plugins/fr.ac6.mcu.externaltools.arm-none.linux64_1.15.0.201708311556/tools/compiler/bin/../lib/gcc/arm-none-eabi/6.3.1/../../../../arm-none-eabi/lib/thumb/v7-m/libc_nano.a
LOAD /home/arne/tools/systemworkbench/plugins/fr.ac6.mcu.externaltools.arm-none.linux64_1.15.0.201708311556/tools/compiler/bin/../lib/gcc/arm-none-eabi/6.3.1/../../../../arm-none-eabi/lib/thumb/v7-m/libnosys.a
END GROUP
START GROUP
LOAD /home/arne/tools/systemworkbench/plugins/fr.ac6.mcu.externaltools.arm-none.linux64_1.15.0.201708311556/tools/compiler/bin/../lib/gcc/arm-none-eabi/6.3.1/thumb/v7-m/libgcc.a
LOAD /home/arne/tools/systemworkbench/plugins/fr.ac6.mcu.externaltools.arm-none.linux64_1.15.0.201708311556/tools/compiler/bin/../lib/gcc/arm-none-eabi/6.3.1/../../../../arm-none-eabi/lib/thumb/v7-m/libc_nano.a
LOAD /home/arne/tools/systemworkbench/plugins/fr.ac6.mcu.externaltools.arm-none.linux64_1.15.0.201708311556/tools/compiler/bin/../lib/gcc/arm-none-eabi/6.3.1/../../../../arm-none-eabi/lib/thumb/v7-m/libnosys.a
END GROUP
LOAD /home/arne/tools/systemworkbench/plugins/fr.ac6.mcu.externaltools.arm-none.linux64_1.15.0.201708311556/tools/compiler/bin/../lib/gcc/arm-none-eabi/6.3.1/thumb/v7-m/crtend.o
LOAD /home/arne/tools/systemworkbench/plugins/fr.ac6.mcu.externaltools.arm-none.linux64_1.15.0.201708311556/tools/compiler/bin/../lib/gcc/arm-none-eabi/6.3.1/thumb/v7-m/crtn.o
                0x0000000020005000                _estack = 0x20005000
                0x0000000000000200                _Min_Heap_Size = 0x200
                0x0000000000000400                _Min_Stack_Size = 0x400

.isr_vector     0x0000000008000000      0x10c
                0x0000000008000000                . = ALIGN (0x4)
 *(.isr_vector)
 .isr_vector    0x0000000008000000      0x10c Application/SW4STM32/startup_stm32f103xb.o
                0x0000000008000000                g_pfnVectors
                0x000000000800010c                . = ALIGN (0x4)

.text           0x000000000800010c     0x4844
                0x000000000800010c                . = ALIGN (0x4)
 *(.text)
 .text          0x000000000800010c       0x6c /home/arne/tools/systemworkbench/plugins/fr.ac6.mcu.externaltools.arm-none.linux64_1.15.0.201708311556/tools/compiler/bin/../lib/gcc/arm-none-eabi/6.3.1/thumb/v7-m/crtbegin.o
 *(.text*)
 .text.Reset_Handler
                0x0000000008000178       0x48 Application/SW4STM32/startup_stm32f103xb.o
                0x0000000008000178                Reset_Handler
 .text.Default_Handler
                0x00000000080001c0        0x2 Application/SW4STM32/startup_stm32f103xb.o
                0x00000000080001c0                RTC_Alarm_IRQHandler
                0x00000000080001c0                EXTI2_IRQHandler
                0x00000000080001c0                TIM1_CC_IRQHandler
                0x00000000080001c0                PVD_IRQHandler
                0x00000000080001c0                EXTI3_IRQHandler
                0x00000000080001c0                EXTI0_IRQHandler
                0x00000000080001c0                I2C2_EV_IRQHandler
                0x00000000080001c0                SPI1_IRQHandler
                0x00000000080001c0                TAMPER_IRQHandler
                0x00000000080001c0                DMA1_Channel4_IRQHandler
                0x00000000080001c0                USART3_IRQHandler
                0x00000000080001c0                RTC_IRQHandler
                0x00000000080001c0                DMA1_Channel7_IRQHandler
                0x00000000080001c0                CAN1_RX1_IRQHandler
                0x00000000080001c0                TIM4_IRQHandler
                0x00000000080001c0                TIM3_IRQHandler
                0x00000000080001c0                RCC_IRQHandler
                0x00000000080001c0                TIM1_TRG_COM_IRQHandler
                0x00000000080001c0                Default_Handler
                0x00000000080001c0                EXTI15_10_IRQHandler
                0x00000000080001c0                EXTI9_5_IRQHandler
                0x00000000080001c0                SPI2_IRQHandler
                0x00000000080001c0                DMA1_Channel5_IRQHandler
                0x00000000080001c0                EXTI4_IRQHandler
                0x00000000080001c0                USB_HP_CAN1_TX_IRQHandler
                0x00000000080001c0                DMA1_Channel3_IRQHandler
                0x00000000080001c0                TIM1_UP_IRQHandler
                0x00000000080001c0                WWDG_IRQHandler
                0x00000000080001c0                TIM2_IRQHandler
                0x00000000080001c0                TIM1_BRK_IRQHandler
                0x00000000080001c0                EXTI1_IRQHandler
                0x00000000080001c0                USART2_IRQHandler
                0x00000000080001c0                I2C2_ER_IRQHandler
                0x00000000080001c0                DMA1_Channel2_IRQHandler
                0x00000000080001c0                CAN1_SCE_IRQHandler
                0x00000000080001c0                FLASH_IRQHandler
                0x00000000080001c0                USART1_IRQHandler
                0x00000000080001c0                USBWakeUp_IRQHandler
 *fill*         0x00000000080001c2        0x2 
 .text.MX_GPIO_Init
                0x00000000080001c4       0x80 Application/User/main.o
 .text.MX_DMA_Init
                0x0000000008000244       0x44 Application/User/main.o
 .text._Error_Handler
                0x0000000008000288        0x2 Application/User/main.o
                0x0000000008000288                _Error_Handler
 *fill*         0x000000000800028a        0x2 
 .text.MX_USART1_UART_Init
                0x000000000800028c       0x3c Application/User/main.o
 .text.MX_I2C1_Init
                0x00000000080002c8       0x44 Application/User/main.o
 .text.MX_ADC1_Init
                0x000000000800030c      0x12c Application/User/main.o
 .text.SystemClock_Config
                0x0000000008000438       0xa4 Application/User/main.o
                0x0000000008000438                SystemClock_Config
 .text.main     0x00000000080004dc       0x24 Application/User/main.o
                0x00000000080004dc                main
 .text.HAL_MspInit
                0x0000000008000500       0x94 Application/User/stm32f1xx_hal_msp.o
                0x0000000008000500                HAL_MspInit
 .text.HAL_ADC_MspInit
                0x0000000008000594       0xa8 Application/User/stm32f1xx_hal_msp.o
                0x0000000008000594                HAL_ADC_MspInit
 .text.HAL_I2C_MspInit
                0x000000000800063c       0xb4 Application/User/stm32f1xx_hal_msp.o
                0x000000000800063c                HAL_I2C_MspInit
 .text.HAL_UART_MspInit
                0x00000000080006f0       0x68 Application/User/stm32f1xx_hal_msp.o
                0x00000000080006f0                HAL_UART_MspInit
 .text.NMI_Handler
                0x0000000008000758        0x2 Application/User/stm32f1xx_it.o
                0x0000000008000758                NMI_Handler
 .text.HardFault_Handler
                0x000000000800075a        0x2 Application/User/stm32f1xx_it.o
                0x000000000800075a                HardFault_Handler
 .text.MemManage_Handler
                0x000000000800075c        0x2 Application/User/stm32f1xx_it.o
                0x000000000800075c                MemManage_Handler
 .text.BusFault_Handler
                0x000000000800075e        0x2 Application/User/stm32f1xx_it.o
                0x000000000800075e                BusFault_Handler
 .text.UsageFault_Handler
                0x0000000008000760        0x2 Application/User/stm32f1xx_it.o
                0x0000000008000760                UsageFault_Handler
 .text.SVC_Handler
                0x0000000008000762        0x2 Application/User/stm32f1xx_it.o
                0x0000000008000762                SVC_Handler
 .text.DebugMon_Handler
                0x0000000008000764        0x2 Application/User/stm32f1xx_it.o
                0x0000000008000764                DebugMon_Handler
 .text.PendSV_Handler
                0x0000000008000766        0x2 Application/User/stm32f1xx_it.o
                0x0000000008000766                PendSV_Handler
 .text.SysTick_Handler
                0x0000000008000768        0xc Application/User/stm32f1xx_it.o
                0x0000000008000768                SysTick_Handler
 .text.DMA1_Channel1_IRQHandler
                0x0000000008000774       0x10 Application/User/stm32f1xx_it.o
                0x0000000008000774                DMA1_Channel1_IRQHandler
 .text.DMA1_Channel6_IRQHandler
                0x0000000008000784       0x10 Application/User/stm32f1xx_it.o
                0x0000000008000784                DMA1_Channel6_IRQHandler
 .text.ADC1_2_IRQHandler
                0x0000000008000794       0x10 Application/User/stm32f1xx_it.o
                0x0000000008000794                ADC1_2_IRQHandler
 .text.USB_LP_CAN1_RX0_IRQHandler
                0x00000000080007a4       0x10 Application/User/stm32f1xx_it.o
                0x00000000080007a4                USB_LP_CAN1_RX0_IRQHandler
 .text.I2C1_EV_IRQHandler
                0x00000000080007b4       0x10 Application/User/stm32f1xx_it.o
                0x00000000080007b4                I2C1_EV_IRQHandler
 .text.I2C1_ER_IRQHandler
                0x00000000080007c4       0x10 Application/User/stm32f1xx_it.o
                0x00000000080007c4                I2C1_ER_IRQHandler
 .text.MX_USB_DEVICE_Init
                0x00000000080007d4       0x38 Application/User/usb_device.o
                0x00000000080007d4                MX_USB_DEVICE_Init
 .text.AUDIO_Init_FS
                0x000000000800080c        0x4 Application/User/usbd_audio_if.o
 .text.AUDIO_DeInit_FS
                0x0000000008000810        0x4 Application/User/usbd_audio_if.o
 .text.AUDIO_AudioCmd_FS
                0x0000000008000814        0x4 Application/User/usbd_audio_if.o
 .text.AUDIO_VolumeCtl_FS
                0x0000000008000818        0x4 Application/User/usbd_audio_if.o
 .text.AUDIO_MuteCtl_FS
                0x000000000800081c        0x4 Application/User/usbd_audio_if.o
 .text.AUDIO_PeriodicTC_FS
                0x0000000008000820        0x4 Application/User/usbd_audio_if.o
 .text.AUDIO_GetState_FS
                0x0000000008000824        0x4 Application/User/usbd_audio_if.o
 .text.HAL_PCD_MspInit
                0x0000000008000828       0x40 Application/User/usbd_conf.o
                0x0000000008000828                HAL_PCD_MspInit
 .text.HAL_PCD_SetupStageCallback
                0x0000000008000868       0x10 Application/User/usbd_conf.o
                0x0000000008000868                HAL_PCD_SetupStageCallback
 .text.HAL_PCD_DataOutStageCallback
                0x0000000008000878       0x14 Application/User/usbd_conf.o
                0x0000000008000878                HAL_PCD_DataOutStageCallback
 .text.HAL_PCD_DataInStageCallback
                0x000000000800088c       0x12 Application/User/usbd_conf.o
                0x000000000800088c                HAL_PCD_DataInStageCallback
 .text.HAL_PCD_SOFCallback
                0x000000000800089e        0xc Application/User/usbd_conf.o
                0x000000000800089e                HAL_PCD_SOFCallback
 .text.HAL_PCD_ResetCallback
                0x00000000080008aa       0x18 Application/User/usbd_conf.o
                0x00000000080008aa                HAL_PCD_ResetCallback
 *fill*         0x00000000080008c2        0x2 
 .text.HAL_PCD_SuspendCallback
                0x00000000080008c4       0x20 Application/User/usbd_conf.o
                0x00000000080008c4                HAL_PCD_SuspendCallback
 .text.HAL_PCD_ResumeCallback
                0x00000000080008e4        0xc Application/User/usbd_conf.o
                0x00000000080008e4                HAL_PCD_ResumeCallback
 .text.USBD_LL_Init
                0x00000000080008f0       0x64 Application/User/usbd_conf.o
                0x00000000080008f0                USBD_LL_Init
 .text.USBD_LL_Start
                0x0000000008000954       0x1c Application/User/usbd_conf.o
                0x0000000008000954                USBD_LL_Start
 .text.USBD_LL_OpenEP
                0x0000000008000970       0x22 Application/User/usbd_conf.o
                0x0000000008000970                USBD_LL_OpenEP
 .text.USBD_LL_CloseEP
                0x0000000008000992       0x1c Application/User/usbd_conf.o
                0x0000000008000992                USBD_LL_CloseEP
 .text.USBD_LL_StallEP
                0x00000000080009ae       0x1c Application/User/usbd_conf.o
                0x00000000080009ae                USBD_LL_StallEP
 .text.USBD_LL_ClearStallEP
                0x00000000080009ca       0x1c Application/User/usbd_conf.o
                0x00000000080009ca                USBD_LL_ClearStallEP
 .text.USBD_LL_IsStallEP
                0x00000000080009e6       0x26 Application/User/usbd_conf.o
                0x00000000080009e6                USBD_LL_IsStallEP
 .text.USBD_LL_SetUSBAddress
                0x0000000008000a0c       0x1c Application/User/usbd_conf.o
                0x0000000008000a0c                USBD_LL_SetUSBAddress
 .text.USBD_LL_Transmit
                0x0000000008000a28       0x1c Application/User/usbd_conf.o
                0x0000000008000a28                USBD_LL_Transmit
 .text.USBD_LL_PrepareReceive
                0x0000000008000a44       0x1c Application/User/usbd_conf.o
                0x0000000008000a44                USBD_LL_PrepareReceive
 .text.USBD_static_malloc
                0x0000000008000a60        0x8 Application/User/usbd_conf.o
                0x0000000008000a60                USBD_static_malloc
 .text.USBD_static_free
                0x0000000008000a68        0x2 Application/User/usbd_conf.o
                0x0000000008000a68                USBD_static_free
 .text.HAL_PCDEx_SetConnectionState
                0x0000000008000a6a        0x2 Application/User/usbd_conf.o
                0x0000000008000a6a                HAL_PCDEx_SetConnectionState
 .text.USBD_FS_DeviceDescriptor
                0x0000000008000a6c        0xc Application/User/usbd_desc.o
                0x0000000008000a6c                USBD_FS_DeviceDescriptor
 .text.USBD_FS_LangIDStrDescriptor
                0x0000000008000a78        0xc Application/User/usbd_desc.o
                0x0000000008000a78                USBD_FS_LangIDStrDescriptor
 .text.USBD_FS_ProductStrDescriptor
                0x0000000008000a84       0x24 Application/User/usbd_desc.o
                0x0000000008000a84                USBD_FS_ProductStrDescriptor
 .text.USBD_FS_ManufacturerStrDescriptor
                0x0000000008000aa8       0x1c Application/User/usbd_desc.o
                0x0000000008000aa8                USBD_FS_ManufacturerStrDescriptor
 .text.USBD_FS_SerialStrDescriptor
                0x0000000008000ac4       0x24 Application/User/usbd_desc.o
                0x0000000008000ac4                USBD_FS_SerialStrDescriptor
 .text.USBD_FS_ConfigStrDescriptor
                0x0000000008000ae8       0x24 Application/User/usbd_desc.o
                0x0000000008000ae8                USBD_FS_ConfigStrDescriptor
 .text.USBD_FS_InterfaceStrDescriptor
                0x0000000008000b0c       0x24 Application/User/usbd_desc.o
                0x0000000008000b0c                USBD_FS_InterfaceStrDescriptor
 .text.SystemInit
                0x0000000008000b30       0x4c Drivers/CMSIS/system_stm32f1xx.o
                0x0000000008000b30                SystemInit
 .text.HAL_InitTick
                0x0000000008000b7c       0x2c Drivers/STM32F1xx_HAL_Driver/stm32f1xx_hal.o
                0x0000000008000b7c                HAL_InitTick
 .text.HAL_Init
                0x0000000008000ba8       0x24 Drivers/STM32F1xx_HAL_Driver/stm32f1xx_hal.o
                0x0000000008000ba8                HAL_Init
 .text.HAL_IncTick
                0x0000000008000bcc       0x10 Drivers/STM32F1xx_HAL_Driver/stm32f1xx_hal.o
                0x0000000008000bcc                HAL_IncTick
 .text.HAL_GetTick
                0x0000000008000bdc        0xc Drivers/STM32F1xx_HAL_Driver/stm32f1xx_hal.o
                0x0000000008000bdc                HAL_GetTick
 .text.HAL_ADC_ConvCpltCallback
                0x0000000008000be8        0x2 Drivers/STM32F1xx_HAL_Driver/stm32f1xx_hal_adc.o
                0x0000000008000be8                HAL_ADC_ConvCpltCallback
 .text.HAL_ADC_LevelOutOfWindowCallback
                0x0000000008000bea        0x2 Drivers/STM32F1xx_HAL_Driver/stm32f1xx_hal_adc.o
                0x0000000008000bea                HAL_ADC_LevelOutOfWindowCallback
 .text.HAL_ADC_IRQHandler
                0x0000000008000bec      0x10c Drivers/STM32F1xx_HAL_Driver/stm32f1xx_hal_adc.o
                0x0000000008000bec                HAL_ADC_IRQHandler
 .text.HAL_ADC_ConfigChannel
                0x0000000008000cf8      0x138 Drivers/STM32F1xx_HAL_Driver/stm32f1xx_hal_adc.o
                0x0000000008000cf8                HAL_ADC_ConfigChannel
 .text.ADC_ConversionStop_Disable
                0x0000000008000e30       0x4c Drivers/STM32F1xx_HAL_Driver/stm32f1xx_hal_adc.o
                0x0000000008000e30                ADC_ConversionStop_Disable
 .text.HAL_ADC_Init
                0x0000000008000e7c      0x110 Drivers/STM32F1xx_HAL_Driver/stm32f1xx_hal_adc.o
                0x0000000008000e7c                HAL_ADC_Init
 .text.HAL_ADCEx_InjectedConvCpltCallback
                0x0000000008000f8c        0x2 Drivers/STM32F1xx_HAL_Driver/stm32f1xx_hal_adc_ex.o
                0x0000000008000f8c                HAL_ADCEx_InjectedConvCpltCallback
 *fill*         0x0000000008000f8e        0x2 
 .text.HAL_NVIC_SetPriorityGrouping
                0x0000000008000f90       0x24 Drivers/STM32F1xx_HAL_Driver/stm32f1xx_hal_cortex.o
                0x0000000008000f90                HAL_NVIC_SetPriorityGrouping
 .text.HAL_NVIC_SetPriority
                0x0000000008000fb4       0x64 Drivers/STM32F1xx_HAL_Driver/stm32f1xx_hal_cortex.o
                0x0000000008000fb4                HAL_NVIC_SetPriority
 .text.HAL_NVIC_EnableIRQ
                0x0000000008001018       0x18 Drivers/STM32F1xx_HAL_Driver/stm32f1xx_hal_cortex.o
                0x0000000008001018                HAL_NVIC_EnableIRQ
 .text.HAL_SYSTICK_Config
                0x0000000008001030       0x2c Drivers/STM32F1xx_HAL_Driver/stm32f1xx_hal_cortex.o
                0x0000000008001030                HAL_SYSTICK_Config
 .text.HAL_SYSTICK_CLKSourceConfig
                0x000000000800105c       0x20 Drivers/STM32F1xx_HAL_Driver/stm32f1xx_hal_cortex.o
                0x000000000800105c                HAL_SYSTICK_CLKSourceConfig
 .text.HAL_SYSTICK_Callback
                0x000000000800107c        0x2 Drivers/STM32F1xx_HAL_Driver/stm32f1xx_hal_cortex.o
                0x000000000800107c                HAL_SYSTICK_Callback
 .text.HAL_SYSTICK_IRQHandler
                0x000000000800107e        0x8 Drivers/STM32F1xx_HAL_Driver/stm32f1xx_hal_cortex.o
                0x000000000800107e                HAL_SYSTICK_IRQHandler
 *fill*         0x0000000008001086        0x2 
 .text.HAL_DMA_Init
                0x0000000008001088       0x78 Drivers/STM32F1xx_HAL_Driver/stm32f1xx_hal_dma.o
                0x0000000008001088                HAL_DMA_Init
 .text.HAL_DMA_Abort_IT
                0x0000000008001100       0x98 Drivers/STM32F1xx_HAL_Driver/stm32f1xx_hal_dma.o
                0x0000000008001100                HAL_DMA_Abort_IT
 .text.HAL_DMA_IRQHandler
                0x0000000008001198      0x144 Drivers/STM32F1xx_HAL_Driver/stm32f1xx_hal_dma.o
                0x0000000008001198                HAL_DMA_IRQHandler
 .text.HAL_GPIO_Init
                0x00000000080012dc      0x1ec Drivers/STM32F1xx_HAL_Driver/stm32f1xx_hal_gpio.o
                0x00000000080012dc                HAL_GPIO_Init
 .text.HAL_GPIO_WritePin
                0x00000000080014c8        0xc Drivers/STM32F1xx_HAL_Driver/stm32f1xx_hal_gpio.o
                0x00000000080014c8                HAL_GPIO_WritePin
 .text.I2C_Master_SB
                0x00000000080014d4       0x8a Drivers/STM32F1xx_HAL_Driver/stm32f1xx_hal_i2c.o
 .text.I2C_Master_ADD10
                0x000000000800155e        0xc Drivers/STM32F1xx_HAL_Driver/stm32f1xx_hal_i2c.o
 .text.I2C_Master_ADDR
                0x000000000800156a      0x1da Drivers/STM32F1xx_HAL_Driver/stm32f1xx_hal_i2c.o
 .text.I2C_SlaveTransmit_BTF
                0x0000000008001744       0x20 Drivers/STM32F1xx_HAL_Driver/stm32f1xx_hal_i2c.o
 .text.I2C_SlaveReceive_BTF
                0x0000000008001764       0x20 Drivers/STM32F1xx_HAL_Driver/stm32f1xx_hal_i2c.o
 .text.HAL_I2C_Init
                0x0000000008001784      0x11c Drivers/STM32F1xx_HAL_Driver/stm32f1xx_hal_i2c.o
                0x0000000008001784                HAL_I2C_Init
 .text.HAL_I2C_MasterTxCpltCallback
                0x00000000080018a0        0x2 Drivers/STM32F1xx_HAL_Driver/stm32f1xx_hal_i2c.o
                0x00000000080018a0                HAL_I2C_MasterTxCpltCallback
 .text.HAL_I2C_MasterRxCpltCallback
                0x00000000080018a2        0x2 Drivers/STM32F1xx_HAL_Driver/stm32f1xx_hal_i2c.o
                0x00000000080018a2                HAL_I2C_MasterRxCpltCallback
 .text.HAL_I2C_SlaveTxCpltCallback
                0x00000000080018a4        0x2 Drivers/STM32F1xx_HAL_Driver/stm32f1xx_hal_i2c.o
                0x00000000080018a4                HAL_I2C_SlaveTxCpltCallback
 .text.I2C_SlaveTransmit_TXE
                0x00000000080018a6       0x50 Drivers/STM32F1xx_HAL_Driver/stm32f1xx_hal_i2c.o
 .text.HAL_I2C_SlaveRxCpltCallback
                0x00000000080018f6        0x2 Drivers/STM32F1xx_HAL_Driver/stm32f1xx_hal_i2c.o
                0x00000000080018f6                HAL_I2C_SlaveRxCpltCallback
 .text.I2C_SlaveReceive_RXNE
                0x00000000080018f8       0x4c Drivers/STM32F1xx_HAL_Driver/stm32f1xx_hal_i2c.o
 .text.HAL_I2C_AddrCallback
                0x0000000008001944        0x2 Drivers/STM32F1xx_HAL_Driver/stm32f1xx_hal_i2c.o
                0x0000000008001944                HAL_I2C_AddrCallback
 .text.I2C_Slave_ADDR
                0x0000000008001946       0x28 Drivers/STM32F1xx_HAL_Driver/stm32f1xx_hal_i2c.o
 .text.HAL_I2C_ListenCpltCallback
                0x000000000800196e        0x2 Drivers/STM32F1xx_HAL_Driver/stm32f1xx_hal_i2c.o
                0x000000000800196e                HAL_I2C_ListenCpltCallback
 .text.I2C_Slave_AF
                0x0000000008001970       0x94 Drivers/STM32F1xx_HAL_Driver/stm32f1xx_hal_i2c.o
 .text.HAL_I2C_MemTxCpltCallback
                0x0000000008001a04        0x2 Drivers/STM32F1xx_HAL_Driver/stm32f1xx_hal_i2c.o
                0x0000000008001a04                HAL_I2C_MemTxCpltCallback
 .text.I2C_MasterTransmit_TXE
                0x0000000008001a06      0x14a Drivers/STM32F1xx_HAL_Driver/stm32f1xx_hal_i2c.o
 .text.I2C_MasterTransmit_BTF
                0x0000000008001b50       0x9e Drivers/STM32F1xx_HAL_Driver/stm32f1xx_hal_i2c.o
 .text.HAL_I2C_MemRxCpltCallback
                0x0000000008001bee        0x2 Drivers/STM32F1xx_HAL_Driver/stm32f1xx_hal_i2c.o
                0x0000000008001bee                HAL_I2C_MemRxCpltCallback
 .text.I2C_MasterReceive_RXNE
                0x0000000008001bf0       0xd0 Drivers/STM32F1xx_HAL_Driver/stm32f1xx_hal_i2c.o
 .text.I2C_MasterReceive_BTF
                0x0000000008001cc0       0xfe Drivers/STM32F1xx_HAL_Driver/stm32f1xx_hal_i2c.o
 .text.HAL_I2C_ErrorCallback
                0x0000000008001dbe        0x2 Drivers/STM32F1xx_HAL_Driver/stm32f1xx_hal_i2c.o
                0x0000000008001dbe                HAL_I2C_ErrorCallback
 .text.HAL_I2C_AbortCpltCallback
                0x0000000008001dc0        0x2 Drivers/STM32F1xx_HAL_Driver/stm32f1xx_hal_i2c.o
                0x0000000008001dc0                HAL_I2C_AbortCpltCallback
 *fill*         0x0000000008001dc2        0x2 
 .text.I2C_ITError
                0x0000000008001dc4      0x148 Drivers/STM32F1xx_HAL_Driver/stm32f1xx_hal_i2c.o
 .text.I2C_Slave_STOPF
                0x0000000008001f0c      0x104 Drivers/STM32F1xx_HAL_Driver/stm32f1xx_hal_i2c.o
 .text.HAL_I2C_EV_IRQHandler
                0x0000000008002010      0x168 Drivers/STM32F1xx_HAL_Driver/stm32f1xx_hal_i2c.o
                0x0000000008002010                HAL_I2C_EV_IRQHandler
 .text.HAL_I2C_ER_IRQHandler
                0x0000000008002178       0xdc Drivers/STM32F1xx_HAL_Driver/stm32f1xx_hal_i2c.o
                0x0000000008002178                HAL_I2C_ER_IRQHandler
 .text.I2C_DMAAbort
                0x0000000008002254       0x5e Drivers/STM32F1xx_HAL_Driver/stm32f1xx_hal_i2c.o
 .text.HAL_PCD_Init
                0x00000000080022b2       0xd6 Drivers/STM32F1xx_HAL_Driver/stm32f1xx_hal_pcd.o
                0x00000000080022b2                HAL_PCD_Init
 .text.HAL_PCD_Start
                0x0000000008002388       0x2e Drivers/STM32F1xx_HAL_Driver/stm32f1xx_hal_pcd.o
                0x0000000008002388                HAL_PCD_Start
 .text.HAL_PCD_SetAddress
                0x00000000080023b6       0x28 Drivers/STM32F1xx_HAL_Driver/stm32f1xx_hal_pcd.o
                0x00000000080023b6                HAL_PCD_SetAddress
 .text.HAL_PCD_EP_Open
                0x00000000080023de       0x52 Drivers/STM32F1xx_HAL_Driver/stm32f1xx_hal_pcd.o
                0x00000000080023de                HAL_PCD_EP_Open
 .text.HAL_PCD_EP_Close
                0x0000000008002430       0x4e Drivers/STM32F1xx_HAL_Driver/stm32f1xx_hal_pcd.o
                0x0000000008002430                HAL_PCD_EP_Close
 .text.HAL_PCD_EP_Receive
                0x000000000800247e       0x3e Drivers/STM32F1xx_HAL_Driver/stm32f1xx_hal_pcd.o
                0x000000000800247e                HAL_PCD_EP_Receive
 .text.HAL_PCD_EP_Transmit
                0x00000000080024bc       0x3c Drivers/STM32F1xx_HAL_Driver/stm32f1xx_hal_pcd.o
                0x00000000080024bc                HAL_PCD_EP_Transmit
 .text.PCD_EP_ISR_Handler
                0x00000000080024f8      0x46e Drivers/STM32F1xx_HAL_Driver/stm32f1xx_hal_pcd.o
 .text.HAL_PCD_IRQHandler
                0x0000000008002966      0x164 Drivers/STM32F1xx_HAL_Driver/stm32f1xx_hal_pcd.o
                0x0000000008002966                HAL_PCD_IRQHandler
 .text.HAL_PCD_EP_SetStall
                0x0000000008002aca       0x5c Drivers/STM32F1xx_HAL_Driver/stm32f1xx_hal_pcd.o
                0x0000000008002aca                HAL_PCD_EP_SetStall
 .text.HAL_PCD_EP_ClrStall
                0x0000000008002b26       0x4e Drivers/STM32F1xx_HAL_Driver/stm32f1xx_hal_pcd.o
                0x0000000008002b26                HAL_PCD_EP_ClrStall
 .text.HAL_PCDEx_PMAConfig
                0x0000000008002b74       0x30 Drivers/STM32F1xx_HAL_Driver/stm32f1xx_hal_pcd_ex.o
                0x0000000008002b74                HAL_PCDEx_PMAConfig
 .text.RCC_Delay
                0x0000000008002ba4       0x2c Drivers/STM32F1xx_HAL_Driver/stm32f1xx_hal_rcc.o
 .text.HAL_RCC_OscConfig
                0x0000000008002bd0      0x3e0 Drivers/STM32F1xx_HAL_Driver/stm32f1xx_hal_rcc.o
                0x0000000008002bd0                HAL_RCC_OscConfig
 .text.HAL_RCC_GetSysClockFreq
                0x0000000008002fb0       0x6c Drivers/STM32F1xx_HAL_Driver/stm32f1xx_hal_rcc.o
                0x0000000008002fb0                HAL_RCC_GetSysClockFreq
 .text.HAL_RCC_ClockConfig
                0x000000000800301c      0x178 Drivers/STM32F1xx_HAL_Driver/stm32f1xx_hal_rcc.o
                0x000000000800301c                HAL_RCC_ClockConfig
 .text.HAL_RCC_GetHCLKFreq
                0x0000000008003194        0xc Drivers/STM32F1xx_HAL_Driver/stm32f1xx_hal_rcc.o
                0x0000000008003194                HAL_RCC_GetHCLKFreq
 .text.HAL_RCC_GetPCLK1Freq
                0x00000000080031a0       0x20 Drivers/STM32F1xx_HAL_Driver/stm32f1xx_hal_rcc.o
                0x00000000080031a0                HAL_RCC_GetPCLK1Freq
 .text.HAL_RCC_GetPCLK2Freq
                0x00000000080031c0       0x20 Drivers/STM32F1xx_HAL_Driver/stm32f1xx_hal_rcc.o
                0x00000000080031c0                HAL_RCC_GetPCLK2Freq
 .text.HAL_RCCEx_PeriphCLKConfig
                0x00000000080031e0      0x114 Drivers/STM32F1xx_HAL_Driver/stm32f1xx_hal_rcc_ex.o
                0x00000000080031e0                HAL_RCCEx_PeriphCLKConfig
 .text.UART_SetConfig
                0x00000000080032f4      0x1b0 Drivers/STM32F1xx_HAL_Driver/stm32f1xx_hal_uart.o
 .text.HAL_UART_Init
                0x00000000080034a4       0x5e Drivers/STM32F1xx_HAL_Driver/stm32f1xx_hal_uart.o
                0x00000000080034a4                HAL_UART_Init
 .text.USB_CoreInit
                0x0000000008003502        0xe Drivers/STM32F1xx_HAL_Driver/stm32f1xx_ll_usb.o
                0x0000000008003502                USB_CoreInit
 .text.USB_EnableGlobalInt
                0x0000000008003510       0x12 Drivers/STM32F1xx_HAL_Driver/stm32f1xx_ll_usb.o
                0x0000000008003510                USB_EnableGlobalInt
 .text.USB_DisableGlobalInt
                0x0000000008003522       0x14 Drivers/STM32F1xx_HAL_Driver/stm32f1xx_ll_usb.o
                0x0000000008003522                USB_DisableGlobalInt
 .text.USB_SetCurrentMode
                0x0000000008003536        0x4 Drivers/STM32F1xx_HAL_Driver/stm32f1xx_ll_usb.o
                0x0000000008003536                USB_SetCurrentMode
 .text.USB_DevInit
                0x000000000800353a       0x2c Drivers/STM32F1xx_HAL_Driver/stm32f1xx_ll_usb.o
                0x000000000800353a                USB_DevInit
 .text.USB_ActivateEndpoint
                0x0000000008003566      0x332 Drivers/STM32F1xx_HAL_Driver/stm32f1xx_ll_usb.o
                0x0000000008003566                USB_ActivateEndpoint
 .text.USB_DeactivateEndpoint
                0x0000000008003898      0x1c4 Drivers/STM32F1xx_HAL_Driver/stm32f1xx_ll_usb.o
                0x0000000008003898                USB_DeactivateEndpoint
 .text.USB_EPSetStall
                0x0000000008003a5c       0x6e Drivers/STM32F1xx_HAL_Driver/stm32f1xx_ll_usb.o
                0x0000000008003a5c                USB_EPSetStall
 .text.USB_EPClearStall
                0x0000000008003aca       0x92 Drivers/STM32F1xx_HAL_Driver/stm32f1xx_ll_usb.o
                0x0000000008003aca                USB_EPClearStall
 .text.USB_SetDevAddress
                0x0000000008003b5c        0xc Drivers/STM32F1xx_HAL_Driver/stm32f1xx_ll_usb.o
                0x0000000008003b5c                USB_SetDevAddress
 .text.USB_DevConnect
                0x0000000008003b68        0x4 Drivers/STM32F1xx_HAL_Driver/stm32f1xx_ll_usb.o
                0x0000000008003b68                USB_DevConnect
 .text.USB_DevDisconnect
                0x0000000008003b6c        0x4 Drivers/STM32F1xx_HAL_Driver/stm32f1xx_ll_usb.o
                0x0000000008003b6c                USB_DevDisconnect
 .text.USB_ReadInterrupts
                0x0000000008003b70        0x8 Drivers/STM32F1xx_HAL_Driver/stm32f1xx_ll_usb.o
                0x0000000008003b70                USB_ReadInterrupts
 .text.USB_EP0_OutStart
                0x0000000008003b78        0x4 Drivers/STM32F1xx_HAL_Driver/stm32f1xx_ll_usb.o
                0x0000000008003b78                USB_EP0_OutStart
 .text.USB_WritePMA
                0x0000000008003b7c       0x2a Drivers/STM32F1xx_HAL_Driver/stm32f1xx_ll_usb.o
                0x0000000008003b7c                USB_WritePMA
 .text.USB_EPStartXfer
                0x0000000008003ba6      0x2cc Drivers/STM32F1xx_HAL_Driver/stm32f1xx_ll_usb.o
                0x0000000008003ba6                USB_EPStartXfer
 .text.USB_ReadPMA
                0x0000000008003e72       0x1e Drivers/STM32F1xx_HAL_Driver/stm32f1xx_ll_usb.o
                0x0000000008003e72                USB_ReadPMA
 .text.USBD_AUDIO_GetCfgDesc
                0x0000000008003e90        0xc Middlewares/USB_Device_Library/usbd_audio.o
 .text.USBD_AUDIO_DataIn
                0x0000000008003e9c        0x4 Middlewares/USB_Device_Library/usbd_audio.o
 .text.USBD_AUDIO_EP0_RxReady
                0x0000000008003ea0       0x3c Middlewares/USB_Device_Library/usbd_audio.o
 .text.USBD_AUDIO_EP0_TxReady
                0x0000000008003edc        0x4 Middlewares/USB_Device_Library/usbd_audio.o
 .text.USBD_AUDIO_SOF
                0x0000000008003ee0        0x4 Middlewares/USB_Device_Library/usbd_audio.o
 .text.USBD_AUDIO_IsoINIncomplete
                0x0000000008003ee4        0x4 Middlewares/USB_Device_Library/usbd_audio.o
 .text.USBD_AUDIO_IsoOutIncomplete
                0x0000000008003ee8        0x4 Middlewares/USB_Device_Library/usbd_audio.o
 .text.USBD_AUDIO_GetDeviceQualifierDesc
                0x0000000008003eec        0xc Middlewares/USB_Device_Library/usbd_audio.o
 .text.USBD_AUDIO_DataOut
                0x0000000008003ef8       0x82 Middlewares/USB_Device_Library/usbd_audio.o
 .text.AUDIO_REQ_GetCurrent
                0x0000000008003f7a       0x26 Middlewares/USB_Device_Library/usbd_audio.o
 .text.AUDIO_REQ_SetCurrent
                0x0000000008003fa0       0x34 Middlewares/USB_Device_Library/usbd_audio.o
 .text.USBD_AUDIO_Setup
                0x0000000008003fd4       0x90 Middlewares/USB_Device_Library/usbd_audio.o
 .text.USBD_AUDIO_DeInit
                0x0000000008004064       0x2c Middlewares/USB_Device_Library/usbd_audio.o
 .text.USBD_AUDIO_Init
                0x0000000008004090       0x64 Middlewares/USB_Device_Library/usbd_audio.o
 .text.USBD_AUDIO_RegisterInterface
                0x00000000080040f4        0xa Middlewares/USB_Device_Library/usbd_audio.o
                0x00000000080040f4                USBD_AUDIO_RegisterInterface
 .text.USBD_Init
                0x00000000080040fe       0x2e Middlewares/USB_Device_Library/usbd_core.o
                0x00000000080040fe                USBD_Init
 .text.USBD_RegisterClass
                0x000000000800412c        0xe Middlewares/USB_Device_Library/usbd_core.o
                0x000000000800412c                USBD_RegisterClass
 .text.USBD_Start
                0x000000000800413a        0xa Middlewares/USB_Device_Library/usbd_core.o
                0x000000000800413a                USBD_Start
 .text.USBD_SetClassConfig
                0x0000000008004144       0x1a Middlewares/USB_Device_Library/usbd_core.o
                0x0000000008004144                USBD_SetClassConfig
 .text.USBD_ClrClassConfig
                0x000000000800415e        0xe Middlewares/USB_Device_Library/usbd_core.o
                0x000000000800415e                USBD_ClrClassConfig
 .text.USBD_LL_SetupStage
                0x000000000800416c       0x5a Middlewares/USB_Device_Library/usbd_core.o
                0x000000000800416c                USBD_LL_SetupStage
 .text.USBD_LL_DataOutStage
                0x00000000080041c6       0x6a Middlewares/USB_Device_Library/usbd_core.o
                0x00000000080041c6                USBD_LL_DataOutStage
 .text.USBD_LL_DataInStage
                0x0000000008004230       0xb2 Middlewares/USB_Device_Library/usbd_core.o
                0x0000000008004230                USBD_LL_DataInStage
 .text.USBD_LL_Reset
                0x00000000080042e2       0x3e Middlewares/USB_Device_Library/usbd_core.o
                0x00000000080042e2                USBD_LL_Reset
 .text.USBD_LL_SetSpeed
                0x0000000008004320        0x6 Middlewares/USB_Device_Library/usbd_core.o
                0x0000000008004320                USBD_LL_SetSpeed
 .text.USBD_LL_Suspend
                0x0000000008004326       0x12 Middlewares/USB_Device_Library/usbd_core.o
                0x0000000008004326                USBD_LL_Suspend
 .text.USBD_LL_Resume
                0x0000000008004338        0xc Middlewares/USB_Device_Library/usbd_core.o
                0x0000000008004338                USBD_LL_Resume
 .text.USBD_LL_SOF
                0x0000000008004344       0x1c Middlewares/USB_Device_Library/usbd_core.o
                0x0000000008004344                USBD_LL_SOF
 .text.USBD_GetLen
                0x0000000008004360       0x14 Middlewares/USB_Device_Library/usbd_ctlreq.o
 .text.USBD_SetFeature
                0x0000000008004374       0x20 Middlewares/USB_Device_Library/usbd_ctlreq.o
 .text.USBD_ParseSetupRequest
                0x0000000008004394       0x28 Middlewares/USB_Device_Library/usbd_ctlreq.o
                0x0000000008004394                USBD_ParseSetupRequest
 .text.USBD_CtlError
                0x00000000080043bc       0x14 Middlewares/USB_Device_Library/usbd_ctlreq.o
                0x00000000080043bc                USBD_CtlError
 .text.USBD_GetDescriptor
                0x00000000080043d0      0x132 Middlewares/USB_Device_Library/usbd_ctlreq.o
 .text.USBD_SetAddress
                0x0000000008004502       0x4a Middlewares/USB_Device_Library/usbd_ctlreq.o
 .text.USBD_SetConfig
                0x000000000800454c       0xa4 Middlewares/USB_Device_Library/usbd_ctlreq.o
 .text.USBD_GetConfig
                0x00000000080045f0       0x3a Middlewares/USB_Device_Library/usbd_ctlreq.o
 .text.USBD_GetStatus
                0x000000000800462a       0x2c Middlewares/USB_Device_Library/usbd_ctlreq.o
 .text.USBD_ClrFeature
                0x0000000008004656       0x32 Middlewares/USB_Device_Library/usbd_ctlreq.o
 .text.USBD_StdDevReq
                0x0000000008004688       0x48 Middlewares/USB_Device_Library/usbd_ctlreq.o
                0x0000000008004688                USBD_StdDevReq
 .text.USBD_StdItfReq
                0x00000000080046d0       0x38 Middlewares/USB_Device_Library/usbd_ctlreq.o
                0x00000000080046d0                USBD_StdItfReq
 .text.USBD_StdEPReq
                0x0000000008004708      0x118 Middlewares/USB_Device_Library/usbd_ctlreq.o
                0x0000000008004708                USBD_StdEPReq
 .text.USBD_GetString
                0x0000000008004820       0x3a Middlewares/USB_Device_Library/usbd_ctlreq.o
                0x0000000008004820                USBD_GetString
 .text.USBD_CtlSendData
                0x000000000800485a       0x1a Middlewares/USB_Device_Library/usbd_ioreq.o
                0x000000000800485a                USBD_CtlSendData
 .text.USBD_CtlContinueSendData
                0x0000000008004874       0x10 Middlewares/USB_Device_Library/usbd_ioreq.o
                0x0000000008004874                USBD_CtlContinueSendData
 .text.USBD_CtlPrepareRx
                0x0000000008004884       0x1e Middlewares/USB_Device_Library/usbd_ioreq.o
                0x0000000008004884                USBD_CtlPrepareRx
 .text.USBD_CtlContinueRx
                0x00000000080048a2       0x10 Middlewares/USB_Device_Library/usbd_ioreq.o
                0x00000000080048a2                USBD_CtlContinueRx
 .text.USBD_CtlSendStatus
                0x00000000080048b2       0x16 Middlewares/USB_Device_Library/usbd_ioreq.o
                0x00000000080048b2                USBD_CtlSendStatus
 .text.USBD_CtlReceiveStatus
                0x00000000080048c8       0x16 Middlewares/USB_Device_Library/usbd_ioreq.o
                0x00000000080048c8                USBD_CtlReceiveStatus
 *fill*         0x00000000080048de        0x2 
 .text.__libc_init_array
                0x00000000080048e0       0x48 /home/arne/tools/systemworkbench/plugins/fr.ac6.mcu.externaltools.arm-none.linux64_1.15.0.201708311556/tools/compiler/bin/../lib/gcc/arm-none-eabi/6.3.1/../../../../arm-none-eabi/lib/thumb/v7-m/libc_nano.a(lib_a-init.o)
                0x00000000080048e0                __libc_init_array
 .text.memset   0x0000000008004928       0x10 /home/arne/tools/systemworkbench/plugins/fr.ac6.mcu.externaltools.arm-none.linux64_1.15.0.201708311556/tools/compiler/bin/../lib/gcc/arm-none-eabi/6.3.1/../../../../arm-none-eabi/lib/thumb/v7-m/libc_nano.a(lib_a-memset.o)
                0x0000000008004928                memset
 *(.glue_7)
 .glue_7        0x0000000008004938        0x0 linker stubs
 *(.glue_7t)
 .glue_7t       0x0000000008004938        0x0 linker stubs
 *(.eh_frame)
 .eh_frame      0x0000000008004938        0x0 /home/arne/tools/systemworkbench/plugins/fr.ac6.mcu.externaltools.arm-none.linux64_1.15.0.201708311556/tools/compiler/bin/../lib/gcc/arm-none-eabi/6.3.1/thumb/v7-m/crtbegin.o
 *(.init)
 .init          0x0000000008004938        0x4 /home/arne/tools/systemworkbench/plugins/fr.ac6.mcu.externaltools.arm-none.linux64_1.15.0.201708311556/tools/compiler/bin/../lib/gcc/arm-none-eabi/6.3.1/thumb/v7-m/crti.o
                0x0000000008004938                _init
 .init          0x000000000800493c        0x8 /home/arne/tools/systemworkbench/plugins/fr.ac6.mcu.externaltools.arm-none.linux64_1.15.0.201708311556/tools/compiler/bin/../lib/gcc/arm-none-eabi/6.3.1/thumb/v7-m/crtn.o
 *(.fini)
 .fini          0x0000000008004944        0x4 /home/arne/tools/systemworkbench/plugins/fr.ac6.mcu.externaltools.arm-none.linux64_1.15.0.201708311556/tools/compiler/bin/../lib/gcc/arm-none-eabi/6.3.1/thumb/v7-m/crti.o
                0x0000000008004944                _fini
 .fini          0x0000000008004948        0x8 /home/arne/tools/systemworkbench/plugins/fr.ac6.mcu.externaltools.arm-none.linux64_1.15.0.201708311556/tools/compiler/bin/../lib/gcc/arm-none-eabi/6.3.1/thumb/v7-m/crtn.o
                0x0000000008004950                . = ALIGN (0x4)
                0x0000000008004950                _etext = .

.vfp11_veneer   0x0000000008004950        0x0
 .vfp11_veneer  0x0000000008004950        0x0 linker stubs

.v4_bx          0x0000000008004950        0x0
 .v4_bx         0x0000000008004950        0x0 linker stubs

.iplt           0x0000000008004950        0x0
 .iplt          0x0000000008004950        0x0 /home/arne/tools/systemworkbench/plugins/fr.ac6.mcu.externaltools.arm-none.linux64_1.15.0.201708311556/tools/compiler/bin/../lib/gcc/arm-none-eabi/6.3.1/thumb/v7-m/crtbegin.o

.rodata         0x0000000008004950      0x13c
                0x0000000008004950                . = ALIGN (0x4)
 *(.rodata)
 .rodata        0x0000000008004950       0x18 Drivers/CMSIS/system_stm32f1xx.o
                0x0000000008004950                AHBPrescTable
                0x0000000008004960                APBPrescTable
 .rodata        0x0000000008004968       0x12 Drivers/STM32F1xx_HAL_Driver/stm32f1xx_hal_rcc.o
 *(.rodata*)
 *fill*         0x000000000800497a        0x2 
 .rodata.str1.4
                0x000000000800497c       0x35 Application/User/main.o
 *fill*         0x00000000080049b1        0x3 
 .rodata.str1.4
                0x00000000080049b4       0x42 Application/User/stm32f1xx_hal_msp.o
 *fill*         0x00000000080049f6        0x2 
 .rodata.str1.4
                0x00000000080049f8       0x3a Application/User/usbd_conf.o
 *fill*         0x0000000008004a32        0x2 
 .rodata.str1.4
                0x0000000008004a34       0x58 Application/User/usbd_desc.o
                0x0000000008004a8c                . = ALIGN (0x4)

.rel.dyn        0x0000000008004a8c        0x0
 .rel.iplt      0x0000000008004a8c        0x0 /home/arne/tools/systemworkbench/plugins/fr.ac6.mcu.externaltools.arm-none.linux64_1.15.0.201708311556/tools/compiler/bin/../lib/gcc/arm-none-eabi/6.3.1/thumb/v7-m/crtbegin.o

.ARM.extab
 *(.ARM.extab* .gnu.linkonce.armextab.*)

.ARM            0x0000000008004a8c        0x0
                0x0000000008004a8c                __exidx_start = .
 *(.ARM.exidx*)
                0x0000000008004a8c                __exidx_end = .

.preinit_array  0x0000000008004a8c        0x0
                0x0000000008004a8c                PROVIDE (__preinit_array_start, .)
 *(.preinit_array*)
                0x0000000008004a8c                PROVIDE (__preinit_array_end, .)

.init_array     0x0000000008004a8c        0x4
                0x0000000008004a8c                PROVIDE (__init_array_start, .)
 *(SORT(.init_array.*))
 *(.init_array*)
 .init_array    0x0000000008004a8c        0x4 /home/arne/tools/systemworkbench/plugins/fr.ac6.mcu.externaltools.arm-none.linux64_1.15.0.201708311556/tools/compiler/bin/../lib/gcc/arm-none-eabi/6.3.1/thumb/v7-m/crtbegin.o
                0x0000000008004a90                PROVIDE (__init_array_end, .)

.fini_array     0x0000000008004a90        0x4
                [!provide]                        PROVIDE (__fini_array_start, .)
 *(SORT(.fini_array.*))
 *(.fini_array*)
 .fini_array    0x0000000008004a90        0x4 /home/arne/tools/systemworkbench/plugins/fr.ac6.mcu.externaltools.arm-none.linux64_1.15.0.201708311556/tools/compiler/bin/../lib/gcc/arm-none-eabi/6.3.1/thumb/v7-m/crtbegin.o
                [!provide]                        PROVIDE (__fini_array_end, .)
                0x0000000008004a94                _sidata = LOADADDR (.data)

.data           0x0000000020000000      0x108 load address 0x0000000008004a94
                0x0000000020000000                . = ALIGN (0x4)
                0x0000000020000000                _sdata = .
 *(.data)
 .data          0x0000000020000000       0x1c Application/User/usbd_audio_if.o
                0x0000000020000000                USBD_AUDIO_fops_FS
 .data          0x000000002000001c       0x34 Application/User/usbd_desc.o
                0x000000002000001c                USBD_FS_DeviceDesc
                0x0000000020000030                USBD_LangIDDesc
                0x0000000020000034                FS_Desc
 .data          0x0000000020000050        0x4 Drivers/CMSIS/system_stm32f1xx.o
                0x0000000020000050                SystemCoreClock
 .data          0x0000000020000054       0xb4 Middlewares/USB_Device_Library/usbd_audio.o
                0x00000000200000d0                USBD_AUDIO
 *(.data*)
                0x0000000020000108                . = ALIGN (0x4)
                0x0000000020000108                _edata = .

.jcr            0x0000000020000108        0x0 load address 0x0000000008004b9c
 .jcr           0x0000000020000108        0x0 /home/arne/tools/systemworkbench/plugins/fr.ac6.mcu.externaltools.arm-none.linux64_1.15.0.201708311556/tools/compiler/bin/../lib/gcc/arm-none-eabi/6.3.1/thumb/v7-m/crtbegin.o

.igot.plt       0x0000000020000108        0x0 load address 0x0000000008004b9c
 .igot.plt      0x0000000020000108        0x0 /home/arne/tools/systemworkbench/plugins/fr.ac6.mcu.externaltools.arm-none.linux64_1.15.0.201708311556/tools/compiler/bin/../lib/gcc/arm-none-eabi/6.3.1/thumb/v7-m/crtbegin.o
                0x0000000020000108                . = ALIGN (0x4)

.bss            0x0000000020000108      0xbf4 load address 0x0000000008004b9c
                0x0000000020000108                _sbss = .
                0x0000000020000108                __bss_start__ = _sbss
 *(.bss)
 .bss           0x0000000020000108       0x1c /home/arne/tools/systemworkbench/plugins/fr.ac6.mcu.externaltools.arm-none.linux64_1.15.0.201708311556/tools/compiler/bin/../lib/gcc/arm-none-eabi/6.3.1/thumb/v7-m/crtbegin.o
 .bss           0x0000000020000124      0x200 Application/User/usbd_conf.o
 .bss           0x0000000020000324        0x1 Middlewares/USB_Device_Library/usbd_ctlreq.o
 *(.bss*)
 *(COMMON)
 *fill*         0x0000000020000325        0x3 
 COMMON         0x0000000020000328      0x14c Application/User/main.o
                0x0000000020000328                hdma_i2c1_tx
                0x000000002000036c                hi2c1
                0x00000000200003c0                hadc1
                0x00000000200003f0                huart1
                0x0000000020000430                hdma_adc1
 COMMON         0x0000000020000474      0x224 Application/User/usb_device.o
                0x0000000020000474                hUsbDeviceFS
 COMMON         0x0000000020000698      0x460 Application/User/usbd_conf.o
                0x0000000020000698                hpcd_USB_FS
 COMMON         0x0000000020000af8      0x200 Application/User/usbd_desc.o
                0x0000000020000af8                USBD_StrDesc
 COMMON         0x0000000020000cf8        0x4 Drivers/STM32F1xx_HAL_Driver/stm32f1xx_hal.o
                0x0000000020000cf8                uwTick
                0x0000000020000cfc                . = ALIGN (0x4)
                0x0000000020000cfc                _ebss = .
                0x0000000020000cfc                __bss_end__ = _ebss

._user_heap_stack
                0x0000000020000cfc      0x604 load address 0x0000000008004b9c
                0x0000000020000d00                . = ALIGN (0x8)
 *fill*         0x0000000020000cfc        0x4 
                [!provide]                        PROVIDE (end, .)
                [!provide]                        PROVIDE (_end, .)
                0x0000000020000f00                . = (. + _Min_Heap_Size)
 *fill*         0x0000000020000d00      0x200 
                0x0000000020001300                . = (. + _Min_Stack_Size)
 *fill*         0x0000000020000f00      0x400 
                0x0000000020001300                . = ALIGN (0x8)

/DISCARD/
 libc.a(*)
 libm.a(*)
 libgcc.a(*)

.ARM.attributes
                0x0000000000000000       0x29
 *(.ARM.attributes)
 .ARM.attributes
                0x0000000000000000       0x1d /home/arne/tools/systemworkbench/plugins/fr.ac6.mcu.externaltools.arm-none.linux64_1.15.0.201708311556/tools/compiler/bin/../lib/gcc/arm-none-eabi/6.3.1/thumb/v7-m/crti.o
 .ARM.attributes
                0x000000000000001d       0x2d /home/arne/tools/systemworkbench/plugins/fr.ac6.mcu.externaltools.arm-none.linux64_1.15.0.201708311556/tools/compiler/bin/../lib/gcc/arm-none-eabi/6.3.1/thumb/v7-m/crtbegin.o
 .ARM.attributes
                0x000000000000004a       0x21 Application/SW4STM32/startup_stm32f103xb.o
 .ARM.attributes
                0x000000000000006b       0x33 Application/User/main.o
 .ARM.attributes
                0x000000000000009e       0x33 Application/User/stm32f1xx_hal_msp.o
 .ARM.attributes
                0x00000000000000d1       0x33 Application/User/stm32f1xx_it.o
 .ARM.attributes
                0x0000000000000104       0x33 Application/User/usb_device.o
 .ARM.attributes
                0x0000000000000137       0x33 Application/User/usbd_audio_if.o
 .ARM.attributes
                0x000000000000016a       0x33 Application/User/usbd_conf.o
 .ARM.attributes
                0x000000000000019d       0x33 Application/User/usbd_desc.o
 .ARM.attributes
                0x00000000000001d0       0x33 Drivers/CMSIS/system_stm32f1xx.o
 .ARM.attributes
                0x0000000000000203       0x33 Drivers/STM32F1xx_HAL_Driver/stm32f1xx_hal.o
 .ARM.attributes
                0x0000000000000236       0x33 Drivers/STM32F1xx_HAL_Driver/stm32f1xx_hal_adc.o
 .ARM.attributes
                0x0000000000000269       0x33 Drivers/STM32F1xx_HAL_Driver/stm32f1xx_hal_adc_ex.o
 .ARM.attributes
                0x000000000000029c       0x33 Drivers/STM32F1xx_HAL_Driver/stm32f1xx_hal_cortex.o
 .ARM.attributes
                0x00000000000002cf       0x33 Drivers/STM32F1xx_HAL_Driver/stm32f1xx_hal_dma.o
 .ARM.attributes
                0x0000000000000302       0x33 Drivers/STM32F1xx_HAL_Driver/stm32f1xx_hal_gpio.o
 .ARM.attributes
                0x0000000000000335       0x33 Drivers/STM32F1xx_HAL_Driver/stm32f1xx_hal_i2c.o
 .ARM.attributes
                0x0000000000000368       0x33 Drivers/STM32F1xx_HAL_Driver/stm32f1xx_hal_pcd.o
 .ARM.attributes
                0x000000000000039b       0x33 Drivers/STM32F1xx_HAL_Driver/stm32f1xx_hal_pcd_ex.o
 .ARM.attributes
                0x00000000000003ce       0x33 Drivers/STM32F1xx_HAL_Driver/stm32f1xx_hal_rcc.o
 .ARM.attributes
                0x0000000000000401       0x33 Drivers/STM32F1xx_HAL_Driver/stm32f1xx_hal_rcc_ex.o
 .ARM.attributes
                0x0000000000000434       0x33 Drivers/STM32F1xx_HAL_Driver/stm32f1xx_hal_uart.o
 .ARM.attributes
                0x0000000000000467       0x33 Drivers/STM32F1xx_HAL_Driver/stm32f1xx_ll_usb.o
 .ARM.attributes
                0x000000000000049a       0x33 Middlewares/USB_Device_Library/usbd_audio.o
 .ARM.attributes
                0x00000000000004cd       0x33 Middlewares/USB_Device_Library/usbd_core.o
 .ARM.attributes
                0x0000000000000500       0x33 Middlewares/USB_Device_Library/usbd_ctlreq.o
 .ARM.attributes
                0x0000000000000533       0x33 Middlewares/USB_Device_Library/usbd_ioreq.o
 .ARM.attributes
                0x0000000000000566       0x2d /home/arne/tools/systemworkbench/plugins/fr.ac6.mcu.externaltools.arm-none.linux64_1.15.0.201708311556/tools/compiler/bin/../lib/gcc/arm-none-eabi/6.3.1/../../../../arm-none-eabi/lib/thumb/v7-m/libc_nano.a(lib_a-init.o)
 .ARM.attributes
                0x0000000000000593       0x2d /home/arne/tools/systemworkbench/plugins/fr.ac6.mcu.externaltools.arm-none.linux64_1.15.0.201708311556/tools/compiler/bin/../lib/gcc/arm-none-eabi/6.3.1/../../../../arm-none-eabi/lib/thumb/v7-m/libc_nano.a(lib_a-memset.o)
 .ARM.attributes
                0x00000000000005c0       0x1d /home/arne/tools/systemworkbench/plugins/fr.ac6.mcu.externaltools.arm-none.linux64_1.15.0.201708311556/tools/compiler/bin/../lib/gcc/arm-none-eabi/6.3.1/thumb/v7-m/crtn.o
OUTPUT(test.elf elf32-littlearm)

.debug_line     0x0000000000000000    0x11739
 .debug_line    0x0000000000000000       0xa5 Application/SW4STM32/startup_stm32f103xb.o
 .debug_line    0x00000000000000a5      0x9a4 Application/User/main.o
 .debug_line    0x0000000000000a49      0x89e Application/User/stm32f1xx_hal_msp.o
 .debug_line    0x00000000000012e7      0x8cd Application/User/stm32f1xx_it.o
 .debug_line    0x0000000000001bb4      0x983 Application/User/usb_device.o
 .debug_line    0x0000000000002537      0x9ef Application/User/usbd_audio_if.o
 .debug_line    0x0000000000002f26      0xbdd Application/User/usbd_conf.o
 .debug_line    0x0000000000003b03      0x95b Application/User/usbd_desc.o
 .debug_line    0x000000000000445e      0x816 Drivers/CMSIS/system_stm32f1xx.o
 .debug_line    0x0000000000004c74      0x95c Drivers/STM32F1xx_HAL_Driver/stm32f1xx_hal.o
 .debug_line    0x00000000000055d0      0xd1b Drivers/STM32F1xx_HAL_Driver/stm32f1xx_hal_adc.o
 .debug_line    0x00000000000062eb      0xb83 Drivers/STM32F1xx_HAL_Driver/stm32f1xx_hal_adc_ex.o
 .debug_line    0x0000000000006e6e      0x99e Drivers/STM32F1xx_HAL_Driver/stm32f1xx_hal_cortex.o
 .debug_line    0x000000000000780c      0xb5e Drivers/STM32F1xx_HAL_Driver/stm32f1xx_hal_dma.o
 .debug_line    0x000000000000836a      0x9a0 Drivers/STM32F1xx_HAL_Driver/stm32f1xx_hal_gpio.o
 .debug_line    0x0000000000008d0a     0x1a6c Drivers/STM32F1xx_HAL_Driver/stm32f1xx_hal_i2c.o
 .debug_line    0x000000000000a776      0xcb4 Drivers/STM32F1xx_HAL_Driver/stm32f1xx_hal_pcd.o
 .debug_line    0x000000000000b42a      0x823 Drivers/STM32F1xx_HAL_Driver/stm32f1xx_hal_pcd_ex.o
 .debug_line    0x000000000000bc4d      0xa93 Drivers/STM32F1xx_HAL_Driver/stm32f1xx_hal_rcc.o
 .debug_line    0x000000000000c6e0      0x8ad Drivers/STM32F1xx_HAL_Driver/stm32f1xx_hal_rcc_ex.o
 .debug_line    0x000000000000cf8d     0x10d0 Drivers/STM32F1xx_HAL_Driver/stm32f1xx_hal_uart.o
 .debug_line    0x000000000000e05d      0xc1e Drivers/STM32F1xx_HAL_Driver/stm32f1xx_ll_usb.o
 .debug_line    0x000000000000ec7b      0xb42 Middlewares/USB_Device_Library/usbd_audio.o
 .debug_line    0x000000000000f7bd      0xaf4 Middlewares/USB_Device_Library/usbd_core.o
 .debug_line    0x00000000000102b1      0xb09 Middlewares/USB_Device_Library/usbd_ctlreq.o
 .debug_line    0x0000000000010dba      0x97f Middlewares/USB_Device_Library/usbd_ioreq.o

.debug_info     0x0000000000000000    0x21869
 .debug_info    0x0000000000000000       0xad Application/SW4STM32/startup_stm32f103xb.o
 .debug_info    0x00000000000000ad     0x20ab Application/User/main.o
 .debug_info    0x0000000000002158     0x19d3 Application/User/stm32f1xx_hal_msp.o
 .debug_info    0x0000000000003b2b     0x1564 Application/User/stm32f1xx_it.o
 .debug_info    0x000000000000508f      0xeda Application/User/usb_device.o
 .debug_info    0x0000000000005f69     0x1034 Application/User/usbd_audio_if.o
 .debug_info    0x0000000000006f9d     0x2016 Application/User/usbd_conf.o
 .debug_info    0x0000000000008fb3      0xd59 Application/User/usbd_desc.o
 .debug_info    0x0000000000009d0c      0xc1b Drivers/CMSIS/system_stm32f1xx.o
 .debug_info    0x000000000000a927      0xee6 Drivers/STM32F1xx_HAL_Driver/stm32f1xx_hal.o
 .debug_info    0x000000000000b80d     0x161b Drivers/STM32F1xx_HAL_Driver/stm32f1xx_hal_adc.o
 .debug_info    0x000000000000ce28     0x1354 Drivers/STM32F1xx_HAL_Driver/stm32f1xx_hal_adc_ex.o
 .debug_info    0x000000000000e17c     0x147b Drivers/STM32F1xx_HAL_Driver/stm32f1xx_hal_cortex.o
 .debug_info    0x000000000000f5f7     0x1017 Drivers/STM32F1xx_HAL_Driver/stm32f1xx_hal_dma.o
 .debug_info    0x000000000001060e      0xe8b Drivers/STM32F1xx_HAL_Driver/stm32f1xx_hal_gpio.o
 .debug_info    0x0000000000011499     0x37a2 Drivers/STM32F1xx_HAL_Driver/stm32f1xx_hal_i2c.o
 .debug_info    0x0000000000014c3b     0x19d5 Drivers/STM32F1xx_HAL_Driver/stm32f1xx_hal_pcd.o
 .debug_info    0x0000000000016610      0xe12 Drivers/STM32F1xx_HAL_Driver/stm32f1xx_hal_pcd_ex.o
 .debug_info    0x0000000000017422     0x1181 Drivers/STM32F1xx_HAL_Driver/stm32f1xx_hal_rcc.o
 .debug_info    0x00000000000185a3      0xc6b Drivers/STM32F1xx_HAL_Driver/stm32f1xx_hal_rcc_ex.o
 .debug_info    0x000000000001920e     0x1e7e Drivers/STM32F1xx_HAL_Driver/stm32f1xx_hal_uart.o
 .debug_info    0x000000000001b08c     0x1731 Drivers/STM32F1xx_HAL_Driver/stm32f1xx_ll_usb.o
 .debug_info    0x000000000001c7bd     0x15dd Middlewares/USB_Device_Library/usbd_audio.o
 .debug_info    0x000000000001dd9a     0x1490 Middlewares/USB_Device_Library/usbd_core.o
 .debug_info    0x000000000001f22a     0x1666 Middlewares/USB_Device_Library/usbd_ctlreq.o
 .debug_info    0x0000000000020890      0xfd9 Middlewares/USB_Device_Library/usbd_ioreq.o

.debug_abbrev   0x0000000000000000     0x4509
 .debug_abbrev  0x0000000000000000       0x12 Application/SW4STM32/startup_stm32f103xb.o
 .debug_abbrev  0x0000000000000012      0x2e3 Application/User/main.o
 .debug_abbrev  0x00000000000002f5      0x295 Application/User/stm32f1xx_hal_msp.o
 .debug_abbrev  0x000000000000058a      0x235 Application/User/stm32f1xx_it.o
 .debug_abbrev  0x00000000000007bf      0x216 Application/User/usb_device.o
 .debug_abbrev  0x00000000000009d5      0x291 Application/User/usbd_audio_if.o
 .debug_abbrev  0x0000000000000c66      0x323 Application/User/usbd_conf.o
 .debug_abbrev  0x0000000000000f89      0x272 Application/User/usbd_desc.o
 .debug_abbrev  0x00000000000011fb      0x226 Drivers/CMSIS/system_stm32f1xx.o
 .debug_abbrev  0x0000000000001421      0x2e5 Drivers/STM32F1xx_HAL_Driver/stm32f1xx_hal.o
 .debug_abbrev  0x0000000000001706      0x295 Drivers/STM32F1xx_HAL_Driver/stm32f1xx_hal_adc.o
 .debug_abbrev  0x000000000000199b      0x2d1 Drivers/STM32F1xx_HAL_Driver/stm32f1xx_hal_adc_ex.o
 .debug_abbrev  0x0000000000001c6c      0x3cb Drivers/STM32F1xx_HAL_Driver/stm32f1xx_hal_cortex.o
 .debug_abbrev  0x0000000000002037      0x2d4 Drivers/STM32F1xx_HAL_Driver/stm32f1xx_hal_dma.o
 .debug_abbrev  0x000000000000230b      0x2a5 Drivers/STM32F1xx_HAL_Driver/stm32f1xx_hal_gpio.o
 .debug_abbrev  0x00000000000025b0      0x306 Drivers/STM32F1xx_HAL_Driver/stm32f1xx_hal_i2c.o
 .debug_abbrev  0x00000000000028b6      0x355 Drivers/STM32F1xx_HAL_Driver/stm32f1xx_hal_pcd.o
 .debug_abbrev  0x0000000000002c0b      0x230 Drivers/STM32F1xx_HAL_Driver/stm32f1xx_hal_pcd_ex.o
 .debug_abbrev  0x0000000000002e3b      0x320 Drivers/STM32F1xx_HAL_Driver/stm32f1xx_hal_rcc.o
 .debug_abbrev  0x000000000000315b      0x2b2 Drivers/STM32F1xx_HAL_Driver/stm32f1xx_hal_rcc_ex.o
 .debug_abbrev  0x000000000000340d      0x306 Drivers/STM32F1xx_HAL_Driver/stm32f1xx_hal_uart.o
 .debug_abbrev  0x0000000000003713      0x2c1 Drivers/STM32F1xx_HAL_Driver/stm32f1xx_ll_usb.o
 .debug_abbrev  0x00000000000039d4      0x335 Middlewares/USB_Device_Library/usbd_audio.o
 .debug_abbrev  0x0000000000003d09      0x2c6 Middlewares/USB_Device_Library/usbd_core.o
 .debug_abbrev  0x0000000000003fcf      0x327 Middlewares/USB_Device_Library/usbd_ctlreq.o
 .debug_abbrev  0x00000000000042f6      0x213 Middlewares/USB_Device_Library/usbd_ioreq.o

.debug_aranges  0x0000000000000000     0x1060
 .debug_aranges
                0x0000000000000000       0x28 Application/SW4STM32/startup_stm32f103xb.o
 .debug_aranges
                0x0000000000000028       0x58 Application/User/main.o
 .debug_aranges
                0x0000000000000080       0x50 Application/User/stm32f1xx_hal_msp.o
 .debug_aranges
                0x00000000000000d0       0x90 Application/User/stm32f1xx_it.o
 .debug_aranges
                0x0000000000000160       0x20 Application/User/usb_device.o
 .debug_aranges
                0x0000000000000180       0x60 Application/User/usbd_audio_if.o
 .debug_aranges
                0x00000000000001e0      0x110 Application/User/usbd_conf.o
 .debug_aranges
                0x00000000000002f0       0x50 Application/User/usbd_desc.o
 .debug_aranges
                0x0000000000000340       0x28 Drivers/CMSIS/system_stm32f1xx.o
 .debug_aranges
                0x0000000000000368       0xb8 Drivers/STM32F1xx_HAL_Driver/stm32f1xx_hal.o
 .debug_aranges
                0x0000000000000420       0xf0 Drivers/STM32F1xx_HAL_Driver/stm32f1xx_hal_adc.o
 .debug_aranges
                0x0000000000000510       0x80 Drivers/STM32F1xx_HAL_Driver/stm32f1xx_hal_adc_ex.o
 .debug_aranges
                0x0000000000000590       0x90 Drivers/STM32F1xx_HAL_Driver/stm32f1xx_hal_cortex.o
 .debug_aranges
                0x0000000000000620       0x80 Drivers/STM32F1xx_HAL_Driver/stm32f1xx_hal_dma.o
 .debug_aranges
                0x00000000000006a0       0x58 Drivers/STM32F1xx_HAL_Driver/stm32f1xx_hal_gpio.o
 .debug_aranges
                0x00000000000006f8      0x268 Drivers/STM32F1xx_HAL_Driver/stm32f1xx_hal_i2c.o
 .debug_aranges
                0x0000000000000960      0x120 Drivers/STM32F1xx_HAL_Driver/stm32f1xx_hal_pcd.o
 .debug_aranges
                0x0000000000000a80       0x28 Drivers/STM32F1xx_HAL_Driver/stm32f1xx_hal_pcd_ex.o
 .debug_aranges
                0x0000000000000aa8       0x90 Drivers/STM32F1xx_HAL_Driver/stm32f1xx_hal_rcc.o
 .debug_aranges
                0x0000000000000b38       0x30 Drivers/STM32F1xx_HAL_Driver/stm32f1xx_hal_rcc_ex.o
 .debug_aranges
                0x0000000000000b68      0x1d0 Drivers/STM32F1xx_HAL_Driver/stm32f1xx_hal_uart.o
 .debug_aranges
                0x0000000000000d38      0x100 Drivers/STM32F1xx_HAL_Driver/stm32f1xx_ll_usb.o
 .debug_aranges
                0x0000000000000e38       0x98 Middlewares/USB_Device_Library/usbd_audio.o
 .debug_aranges
                0x0000000000000ed0       0xb8 Middlewares/USB_Device_Library/usbd_core.o
 .debug_aranges
                0x0000000000000f88       0x88 Middlewares/USB_Device_Library/usbd_ctlreq.o
 .debug_aranges
                0x0000000000001010       0x50 Middlewares/USB_Device_Library/usbd_ioreq.o

.debug_ranges   0x0000000000000000     0x1080
 .debug_ranges  0x0000000000000000       0x20 Application/SW4STM32/startup_stm32f103xb.o
 .debug_ranges  0x0000000000000020       0x48 Application/User/main.o
 .debug_ranges  0x0000000000000068       0x40 Application/User/stm32f1xx_hal_msp.o
 .debug_ranges  0x00000000000000a8       0x80 Application/User/stm32f1xx_it.o
 .debug_ranges  0x0000000000000128       0x10 Application/User/usb_device.o
 .debug_ranges  0x0000000000000138       0x50 Application/User/usbd_audio_if.o
 .debug_ranges  0x0000000000000188      0x100 Application/User/usbd_conf.o
 .debug_ranges  0x0000000000000288       0x40 Application/User/usbd_desc.o
 .debug_ranges  0x00000000000002c8       0x18 Drivers/CMSIS/system_stm32f1xx.o
 .debug_ranges  0x00000000000002e0       0xa8 Drivers/STM32F1xx_HAL_Driver/stm32f1xx_hal.o
 .debug_ranges  0x0000000000000388       0xe0 Drivers/STM32F1xx_HAL_Driver/stm32f1xx_hal_adc.o
 .debug_ranges  0x0000000000000468       0x70 Drivers/STM32F1xx_HAL_Driver/stm32f1xx_hal_adc_ex.o
 .debug_ranges  0x00000000000004d8       0xe0 Drivers/STM32F1xx_HAL_Driver/stm32f1xx_hal_cortex.o
 .debug_ranges  0x00000000000005b8       0x70 Drivers/STM32F1xx_HAL_Driver/stm32f1xx_hal_dma.o
 .debug_ranges  0x0000000000000628       0x48 Drivers/STM32F1xx_HAL_Driver/stm32f1xx_hal_gpio.o
 .debug_ranges  0x0000000000000670      0x258 Drivers/STM32F1xx_HAL_Driver/stm32f1xx_hal_i2c.o
 .debug_ranges  0x00000000000008c8      0x140 Drivers/STM32F1xx_HAL_Driver/stm32f1xx_hal_pcd.o
 .debug_ranges  0x0000000000000a08       0x18 Drivers/STM32F1xx_HAL_Driver/stm32f1xx_hal_pcd_ex.o
 .debug_ranges  0x0000000000000a20       0xa0 Drivers/STM32F1xx_HAL_Driver/stm32f1xx_hal_rcc.o
 .debug_ranges  0x0000000000000ac0       0x38 Drivers/STM32F1xx_HAL_Driver/stm32f1xx_hal_rcc_ex.o
 .debug_ranges  0x0000000000000af8      0x1c0 Drivers/STM32F1xx_HAL_Driver/stm32f1xx_hal_uart.o
 .debug_ranges  0x0000000000000cb8      0x1e0 Drivers/STM32F1xx_HAL_Driver/stm32f1xx_ll_usb.o
 .debug_ranges  0x0000000000000e98       0x88 Middlewares/USB_Device_Library/usbd_audio.o
 .debug_ranges  0x0000000000000f20       0xa8 Middlewares/USB_Device_Library/usbd_core.o
 .debug_ranges  0x0000000000000fc8       0x78 Middlewares/USB_Device_Library/usbd_ctlreq.o
 .debug_ranges  0x0000000000001040       0x40 Middlewares/USB_Device_Library/usbd_ioreq.o

.debug_macro    0x0000000000000000    0x18b2e
 .debug_macro   0x0000000000000000      0x399 Application/User/main.o
 .debug_macro   0x0000000000000399      0x8bc Application/User/main.o
 .debug_macro   0x0000000000000c55       0x34 Application/User/main.o
 .debug_macro   0x0000000000000c89      0x17b Application/User/main.o
 .debug_macro   0x0000000000000e04       0x2e Application/User/main.o
 .debug_macro   0x0000000000000e32       0x22 Application/User/main.o
 .debug_macro   0x0000000000000e54       0x22 Application/User/main.o
 .debug_macro   0x0000000000000e76       0x87 Application/User/main.o
 .debug_macro   0x0000000000000efd       0x51 Application/User/main.o
 .debug_macro   0x0000000000000f4e       0xef Application/User/main.o
 .debug_macro   0x000000000000103d       0x6a Application/User/main.o
 .debug_macro   0x00000000000010a7      0x1df Application/User/main.o
 .debug_macro   0x0000000000001286       0x34 Application/User/main.o
 .debug_macro   0x00000000000012ba       0x34 Application/User/main.o
 .debug_macro   0x00000000000012ee      0xb8e Application/User/main.o
 .debug_macro   0x0000000000001e7c     0xe90a Application/User/main.o
 .debug_macro   0x0000000000010786       0x43 Application/User/main.o
 .debug_macro   0x00000000000107c9       0x58 Application/User/main.o
 .debug_macro   0x0000000000010821       0x35 Application/User/main.o
 .debug_macro   0x0000000000010856       0x9c Application/User/main.o
 .debug_macro   0x00000000000108f2       0x16 Application/User/main.o
 .debug_macro   0x0000000000010908       0x97 Application/User/main.o
 .debug_macro   0x000000000001099f      0x330 Application/User/main.o
 .debug_macro   0x0000000000010ccf       0xfd Application/User/main.o
 .debug_macro   0x0000000000010dcc       0x10 Application/User/main.o
 .debug_macro   0x0000000000010ddc       0x58 Application/User/main.o
 .debug_macro   0x0000000000010e34       0x1f Application/User/main.o
 .debug_macro   0x0000000000010e53       0x43 Application/User/main.o
 .debug_macro   0x0000000000010e96       0x20 Application/User/main.o
 .debug_macro   0x0000000000010eb6      0x187 Application/User/main.o
 .debug_macro   0x000000000001103d       0x10 Application/User/main.o
 .debug_macro   0x000000000001104d       0x1c Application/User/main.o
 .debug_macro   0x0000000000011069       0x52 Application/User/main.o
 .debug_macro   0x00000000000110bb       0x40 Application/User/main.o
 .debug_macro   0x00000000000110fb       0x10 Application/User/main.o
 .debug_macro   0x000000000001110b       0x40 Application/User/main.o
 .debug_macro   0x000000000001114b       0xd7 Application/User/main.o
 .debug_macro   0x0000000000011222       0x16 Application/User/main.o
 .debug_macro   0x0000000000011238      0x18b Application/User/main.o
 .debug_macro   0x00000000000113c3       0x50 Application/User/main.o
 .debug_macro   0x0000000000011413      0x5c2 Application/User/main.o
 .debug_macro   0x00000000000119d5      0x28b Application/User/main.o
 .debug_macro   0x0000000000011c60      0x1cb Application/User/main.o
 .debug_macro   0x0000000000011e2b      0x11e Application/User/main.o
 .debug_macro   0x0000000000011f49      0x197 Application/User/main.o
 .debug_macro   0x00000000000120e0       0x27 Application/User/main.o
 .debug_macro   0x0000000000012107      0x1bc Application/User/main.o
 .debug_macro   0x00000000000122c3       0x34 Application/User/main.o
 .debug_macro   0x00000000000122f7       0x3c Application/User/main.o
 .debug_macro   0x0000000000012333       0x57 Application/User/main.o
 .debug_macro   0x000000000001238a      0x46a Application/User/main.o
 .debug_macro   0x00000000000127f4      0x1b5 Application/User/main.o
 .debug_macro   0x00000000000129a9       0x8c Application/User/main.o
 .debug_macro   0x0000000000012a35      0x242 Application/User/main.o
 .debug_macro   0x0000000000012c77      0x248 Application/User/main.o
 .debug_macro   0x0000000000012ebf      0x143 Application/User/main.o
 .debug_macro   0x0000000000013002      0x26b Application/User/main.o
 .debug_macro   0x000000000001326d       0x50 Application/User/main.o
 .debug_macro   0x00000000000132bd      0x26c Application/User/main.o
 .debug_macro   0x0000000000013529       0x7c Application/User/main.o
 .debug_macro   0x00000000000135a5       0x16 Application/User/main.o
 .debug_macro   0x00000000000135bb       0x35 Application/User/main.o
 .debug_macro   0x00000000000135f0       0x16 Application/User/main.o
 .debug_macro   0x0000000000013606       0x29 Application/User/main.o
 .debug_macro   0x000000000001362f       0x16 Application/User/main.o
 .debug_macro   0x0000000000013645       0x65 Application/User/main.o
 .debug_macro   0x00000000000136aa      0x1c3 Application/User/main.o
 .debug_macro   0x000000000001386d      0x314 Application/User/stm32f1xx_hal_msp.o
 .debug_macro   0x0000000000013b81      0x31e Application/User/stm32f1xx_it.o
 .debug_macro   0x0000000000013e9f      0x3e8 Application/User/usb_device.o
 .debug_macro   0x0000000000014287       0xd1 Application/User/usb_device.o
 .debug_macro   0x0000000000014358      0x3c6 Application/User/usbd_audio_if.o
 .debug_macro   0x000000000001471e       0x52 Application/User/usbd_audio_if.o
 .debug_macro   0x0000000000014770       0x8d Application/User/usbd_audio_if.o
 .debug_macro   0x00000000000147fd       0x57 Application/User/usbd_audio_if.o
 .debug_macro   0x0000000000014854      0x3ca Application/User/usbd_conf.o
 .debug_macro   0x0000000000014c1e      0x3eb Application/User/usbd_desc.o
 .debug_macro   0x0000000000015009      0x31a Drivers/CMSIS/system_stm32f1xx.o
 .debug_macro   0x0000000000015323      0x338 Drivers/STM32F1xx_HAL_Driver/stm32f1xx_hal.o
 .debug_macro   0x000000000001565b      0x331 Drivers/STM32F1xx_HAL_Driver/stm32f1xx_hal_adc.o
 .debug_macro   0x000000000001598c      0x326 Drivers/STM32F1xx_HAL_Driver/stm32f1xx_hal_adc_ex.o
 .debug_macro   0x0000000000015cb2      0x314 Drivers/STM32F1xx_HAL_Driver/stm32f1xx_hal_cortex.o
 .debug_macro   0x0000000000015fc6      0x314 Drivers/STM32F1xx_HAL_Driver/stm32f1xx_hal_dma.o
 .debug_macro   0x00000000000162da      0x384 Drivers/STM32F1xx_HAL_Driver/stm32f1xx_hal_gpio.o
 .debug_macro   0x000000000001665e      0x354 Drivers/STM32F1xx_HAL_Driver/stm32f1xx_hal_i2c.o
 .debug_macro   0x00000000000169b2      0x320 Drivers/STM32F1xx_HAL_Driver/stm32f1xx_hal_pcd.o
 .debug_macro   0x0000000000016cd2      0x314 Drivers/STM32F1xx_HAL_Driver/stm32f1xx_hal_pcd_ex.o
 .debug_macro   0x0000000000016fe6      0x326 Drivers/STM32F1xx_HAL_Driver/stm32f1xx_hal_rcc.o
 .debug_macro   0x000000000001730c      0x314 Drivers/STM32F1xx_HAL_Driver/stm32f1xx_hal_rcc_ex.o
 .debug_macro   0x0000000000017620      0x315 Drivers/STM32F1xx_HAL_Driver/stm32f1xx_hal_uart.o
 .debug_macro   0x0000000000017935      0x314 Drivers/STM32F1xx_HAL_Driver/stm32f1xx_ll_usb.o
 .debug_macro   0x0000000000017c49      0x3d6 Middlewares/USB_Device_Library/usbd_audio.o
 .debug_macro   0x000000000001801f      0x3b1 Middlewares/USB_Device_Library/usbd_core.o
 .debug_macro   0x00000000000183d0      0x3b1 Middlewares/USB_Device_Library/usbd_ctlreq.o
 .debug_macro   0x0000000000018781      0x3ad Middlewares/USB_Device_Library/usbd_ioreq.o

.debug_str      0x0000000000000000    0x76969
 .debug_str     0x0000000000000000    0x724d7 Application/User/main.o
                                      0x72a03 (size before relaxing)
 .debug_str     0x00000000000724d7      0x151 Application/User/stm32f1xx_hal_msp.o
                                      0x71a5e (size before relaxing)
 .debug_str     0x0000000000072628      0x438 Application/User/stm32f1xx_it.o
                                      0x71853 (size before relaxing)
 .debug_str     0x0000000000072a60      0x5aa Application/User/usb_device.o
                                      0x7219d (size before relaxing)
 .debug_str     0x000000000007300a      0x1b1 Application/User/usbd_audio_if.o
                                      0x72296 (size before relaxing)
 .debug_str     0x00000000000731bb      0x524 Application/User/usbd_conf.o
                                      0x72c58 (size before relaxing)
 .debug_str     0x00000000000736df      0x257 Application/User/usbd_desc.o
                                      0x71bf5 (size before relaxing)
 .debug_str     0x0000000000073936       0x90 Drivers/CMSIS/system_stm32f1xx.o
                                      0x70f6f (size before relaxing)
 .debug_str     0x00000000000739c6      0x37c Drivers/STM32F1xx_HAL_Driver/stm32f1xx_hal.o
                                      0x7157f (size before relaxing)
 .debug_str     0x0000000000073d42      0x3b1 Drivers/STM32F1xx_HAL_Driver/stm32f1xx_hal_adc.o
                                      0x715dc (size before relaxing)
 .debug_str     0x00000000000740f3      0x30c Drivers/STM32F1xx_HAL_Driver/stm32f1xx_hal_adc_ex.o
                                      0x71594 (size before relaxing)
 .debug_str     0x00000000000743ff      0x235 Drivers/STM32F1xx_HAL_Driver/stm32f1xx_hal_cortex.o
                                      0x7158a (size before relaxing)
 .debug_str     0x0000000000074634      0x225 Drivers/STM32F1xx_HAL_Driver/stm32f1xx_hal_dma.o
                                      0x712ee (size before relaxing)
 .debug_str     0x0000000000074859      0x323 Drivers/STM32F1xx_HAL_Driver/stm32f1xx_hal_gpio.o
                                      0x712d1 (size before relaxing)
 .debug_str     0x0000000000074b7c      0xa44 Drivers/STM32F1xx_HAL_Driver/stm32f1xx_hal_i2c.o
                                      0x71e0a (size before relaxing)
 .debug_str     0x00000000000755c0      0x344 Drivers/STM32F1xx_HAL_Driver/stm32f1xx_hal_pcd.o
                                      0x7173f (size before relaxing)
 .debug_str     0x0000000000075904       0x77 Drivers/STM32F1xx_HAL_Driver/stm32f1xx_hal_pcd_ex.o
                                      0x7121c (size before relaxing)
 .debug_str     0x000000000007597b      0x232 Drivers/STM32F1xx_HAL_Driver/stm32f1xx_hal_rcc.o
                                      0x71326 (size before relaxing)
 .debug_str     0x0000000000075bad       0xb8 Drivers/STM32F1xx_HAL_Driver/stm32f1xx_hal_rcc_ex.o
                                      0x710b2 (size before relaxing)
 .debug_str     0x0000000000075c65      0x52e Drivers/STM32F1xx_HAL_Driver/stm32f1xx_hal_uart.o
                                      0x7183f (size before relaxing)
 .debug_str     0x0000000000076193      0x183 Drivers/STM32F1xx_HAL_Driver/stm32f1xx_ll_usb.o
                                      0x713ef (size before relaxing)
 .debug_str     0x0000000000076316      0x366 Middlewares/USB_Device_Library/usbd_audio.o
                                      0x72573 (size before relaxing)
 .debug_str     0x000000000007667c      0x16e Middlewares/USB_Device_Library/usbd_core.o
                                      0x71f22 (size before relaxing)
 .debug_str     0x00000000000767ea       0xfa Middlewares/USB_Device_Library/usbd_ctlreq.o
                                      0x71e3c (size before relaxing)
 .debug_str     0x00000000000768e4       0x85 Middlewares/USB_Device_Library/usbd_ioreq.o
                                      0x71d69 (size before relaxing)

.comment        0x0000000000000000       0x7f
 .comment       0x0000000000000000       0x7f Application/User/main.o
                                         0x80 (size before relaxing)
 .comment       0x000000000000007f       0x80 Application/User/stm32f1xx_hal_msp.o
 .comment       0x000000000000007f       0x80 Application/User/stm32f1xx_it.o
 .comment       0x000000000000007f       0x80 Application/User/usb_device.o
 .comment       0x000000000000007f       0x80 Application/User/usbd_audio_if.o
 .comment       0x000000000000007f       0x80 Application/User/usbd_conf.o
 .comment       0x000000000000007f       0x80 Application/User/usbd_desc.o
 .comment       0x000000000000007f       0x80 Drivers/CMSIS/system_stm32f1xx.o
 .comment       0x000000000000007f       0x80 Drivers/STM32F1xx_HAL_Driver/stm32f1xx_hal.o
 .comment       0x000000000000007f       0x80 Drivers/STM32F1xx_HAL_Driver/stm32f1xx_hal_adc.o
 .comment       0x000000000000007f       0x80 Drivers/STM32F1xx_HAL_Driver/stm32f1xx_hal_adc_ex.o
 .comment       0x000000000000007f       0x80 Drivers/STM32F1xx_HAL_Driver/stm32f1xx_hal_cortex.o
 .comment       0x000000000000007f       0x80 Drivers/STM32F1xx_HAL_Driver/stm32f1xx_hal_dma.o
 .comment       0x000000000000007f       0x80 Drivers/STM32F1xx_HAL_Driver/stm32f1xx_hal_gpio.o
 .comment       0x000000000000007f       0x80 Drivers/STM32F1xx_HAL_Driver/stm32f1xx_hal_i2c.o
 .comment       0x000000000000007f       0x80 Drivers/STM32F1xx_HAL_Driver/stm32f1xx_hal_pcd.o
 .comment       0x000000000000007f       0x80 Drivers/STM32F1xx_HAL_Driver/stm32f1xx_hal_pcd_ex.o
 .comment       0x000000000000007f       0x80 Drivers/STM32F1xx_HAL_Driver/stm32f1xx_hal_rcc.o
 .comment       0x000000000000007f       0x80 Drivers/STM32F1xx_HAL_Driver/stm32f1xx_hal_rcc_ex.o
 .comment       0x000000000000007f       0x80 Drivers/STM32F1xx_HAL_Driver/stm32f1xx_hal_uart.o
 .comment       0x000000000000007f       0x80 Drivers/STM32F1xx_HAL_Driver/stm32f1xx_ll_usb.o
 .comment       0x000000000000007f       0x80 Middlewares/USB_Device_Library/usbd_audio.o
 .comment       0x000000000000007f       0x80 Middlewares/USB_Device_Library/usbd_core.o
 .comment       0x000000000000007f       0x80 Middlewares/USB_Device_Library/usbd_ctlreq.o
 .comment       0x000000000000007f       0x80 Middlewares/USB_Device_Library/usbd_ioreq.o

.debug_frame    0x0000000000000000     0x2a60
 .debug_frame   0x0000000000000000       0xe4 Application/User/main.o
 .debug_frame   0x00000000000000e4       0xd8 Application/User/stm32f1xx_hal_msp.o
 .debug_frame   0x00000000000001bc      0x138 Application/User/stm32f1xx_it.o
 .debug_frame   0x00000000000002f4       0x28 Application/User/usb_device.o
 .debug_frame   0x000000000000031c       0xb0 Application/User/usbd_audio_if.o
 .debug_frame   0x00000000000003cc      0x2dc Application/User/usbd_conf.o
 .debug_frame   0x00000000000006a8       0xa8 Application/User/usbd_desc.o
 .debug_frame   0x0000000000000750       0x30 Drivers/CMSIS/system_stm32f1xx.o
 .debug_frame   0x0000000000000780      0x178 Drivers/STM32F1xx_HAL_Driver/stm32f1xx_hal.o
 .debug_frame   0x00000000000008f8      0x2a8 Drivers/STM32F1xx_HAL_Driver/stm32f1xx_hal_adc.o
 .debug_frame   0x0000000000000ba0      0x178 Drivers/STM32F1xx_HAL_Driver/stm32f1xx_hal_adc_ex.o
 .debug_frame   0x0000000000000d18      0x12c Drivers/STM32F1xx_HAL_Driver/stm32f1xx_hal_cortex.o
 .debug_frame   0x0000000000000e44      0x148 Drivers/STM32F1xx_HAL_Driver/stm32f1xx_hal_dma.o
 .debug_frame   0x0000000000000f8c       0xe4 Drivers/STM32F1xx_HAL_Driver/stm32f1xx_hal_gpio.o
 .debug_frame   0x0000000000001070      0x848 Drivers/STM32F1xx_HAL_Driver/stm32f1xx_hal_i2c.o
 .debug_frame   0x00000000000018b8      0x2e8 Drivers/STM32F1xx_HAL_Driver/stm32f1xx_hal_pcd.o
 .debug_frame   0x0000000000001ba0       0x30 Drivers/STM32F1xx_HAL_Driver/stm32f1xx_hal_pcd_ex.o
 .debug_frame   0x0000000000001bd0      0x164 Drivers/STM32F1xx_HAL_Driver/stm32f1xx_hal_rcc.o
 .debug_frame   0x0000000000001d34       0x6c Drivers/STM32F1xx_HAL_Driver/stm32f1xx_hal_rcc_ex.o
 .debug_frame   0x0000000000001da0      0x4e8 Drivers/STM32F1xx_HAL_Driver/stm32f1xx_hal_uart.o
 .debug_frame   0x0000000000002288      0x23c Drivers/STM32F1xx_HAL_Driver/stm32f1xx_ll_usb.o
 .debug_frame   0x00000000000024c4      0x164 Middlewares/USB_Device_Library/usbd_audio.o
 .debug_frame   0x0000000000002628      0x1bc Middlewares/USB_Device_Library/usbd_core.o
 .debug_frame   0x00000000000027e4      0x178 Middlewares/USB_Device_Library/usbd_ctlreq.o
 .debug_frame   0x000000000000295c       0xb8 Middlewares/USB_Device_Library/usbd_ioreq.o
 .debug_frame   0x0000000000002a14       0x2c /home/arne/tools/systemworkbench/plugins/fr.ac6.mcu.externaltools.arm-none.linux64_1.15.0.201708311556/tools/compiler/bin/../lib/gcc/arm-none-eabi/6.3.1/../../../../arm-none-eabi/lib/thumb/v7-m/libc_nano.a(lib_a-init.o)
 .debug_frame   0x0000000000002a40       0x20 /home/arne/tools/systemworkbench/plugins/fr.ac6.mcu.externaltools.arm-none.linux64_1.15.0.201708311556/tools/compiler/bin/../lib/gcc/arm-none-eabi/6.3.1/../../../../arm-none-eabi/lib/thumb/v7-m/libc_nano.a(lib_a-memset.o)

.debug_loc      0x0000000000000000     0xb39f
 .debug_loc     0x0000000000000000       0xef Application/User/stm32f1xx_hal_msp.o
 .debug_loc     0x00000000000000ef       0xc6 Application/User/usbd_audio_if.o
 .debug_loc     0x00000000000001b5      0xb53 Application/User/usbd_conf.o
 .debug_loc     0x0000000000000d08      0x2b7 Application/User/usbd_desc.o
 .debug_loc     0x0000000000000fbf       0xdf Drivers/CMSIS/system_stm32f1xx.o
 .debug_loc     0x000000000000109e       0x69 Drivers/STM32F1xx_HAL_Driver/stm32f1xx_hal.o
 .debug_loc     0x0000000000001107      0x952 Drivers/STM32F1xx_HAL_Driver/stm32f1xx_hal_adc.o
 .debug_loc     0x0000000000001a59      0x772 Drivers/STM32F1xx_HAL_Driver/stm32f1xx_hal_adc_ex.o
 .debug_loc     0x00000000000021cb      0x5ad Drivers/STM32F1xx_HAL_Driver/stm32f1xx_hal_cortex.o
 .debug_loc     0x0000000000002778      0x71b Drivers/STM32F1xx_HAL_Driver/stm32f1xx_hal_dma.o
 .debug_loc     0x0000000000002e93      0x42d Drivers/STM32F1xx_HAL_Driver/stm32f1xx_hal_gpio.o
 .debug_loc     0x00000000000032c0     0x31b6 Drivers/STM32F1xx_HAL_Driver/stm32f1xx_hal_i2c.o
 .debug_loc     0x0000000000006476      0x9fb Drivers/STM32F1xx_HAL_Driver/stm32f1xx_hal_pcd.o
 .debug_loc     0x0000000000006e71       0xf4 Drivers/STM32F1xx_HAL_Driver/stm32f1xx_hal_pcd_ex.o
 .debug_loc     0x0000000000006f65      0x483 Drivers/STM32F1xx_HAL_Driver/stm32f1xx_hal_rcc.o
 .debug_loc     0x00000000000073e8      0x2dc Drivers/STM32F1xx_HAL_Driver/stm32f1xx_hal_rcc_ex.o
 .debug_loc     0x00000000000076c4     0x1515 Drivers/STM32F1xx_HAL_Driver/stm32f1xx_hal_uart.o
 .debug_loc     0x0000000000008bd9      0xc18 Drivers/STM32F1xx_HAL_Driver/stm32f1xx_ll_usb.o
 .debug_loc     0x00000000000097f1      0x6de Middlewares/USB_Device_Library/usbd_audio.o
 .debug_loc     0x0000000000009ecf      0x71c Middlewares/USB_Device_Library/usbd_core.o
 .debug_loc     0x000000000000a5eb      0xb78 Middlewares/USB_Device_Library/usbd_ctlreq.o
 .debug_loc     0x000000000000b163      0x23c Middlewares/USB_Device_Library/usbd_ioreq.o
